******************************************************************************
                  TI ARM Linker PC v18.12.1                    
******************************************************************************
>> Linked Mon Jul  8 16:53:31 2019

OUTPUT FILE NAME:   <CAN Node 2.out>
ENTRY POINT SYMBOL: "_c_int00_noargs"  address: 00003a19


MEMORY CONFIGURATION

         name            origin    length      used     unused   attr    fill
----------------------  --------  ---------  --------  --------  ----  --------
  FLASH                 00000000   00040000  00003c78  0003c388  R  X
  SRAM                  20000000   00008000  00005191  00002e6f  RW X


SEGMENT ALLOCATION MAP

run origin  load origin   length   init length attrs members
----------  ----------- ---------- ----------- ----- -------
00000000    00000000    00003c78   00003c78    r-x
  00000000    00000000    0000026c   0000026c    r-- .intvecs
  0000026c    0000026c    000038a8   000038a8    r-x .text
  00003b14    00003b14    00000124   00000124    r-- .const
  00003c38    00003c38    00000040   00000040    r-- .cinit
20000000    20000000    00005198   00000000    rw-
  20000000    20000000    00004f49   00000000    rw- .bss
  20004f50    20004f50    00000200   00000000    rw- .stack
  20005150    20005150    00000048   00000000    rw- .data


SECTION ALLOCATION MAP

 output                                  attributes/
section   page    origin      length       input sections
--------  ----  ----------  ----------   ----------------
.intvecs   0    00000000    0000026c     
                  00000000    0000026c     tm4c123gh6pm_startup_ccs.obj (.intvecs)

.text      0    0000026c    000038a8     
                  0000026c    00001b1c     tasks.obj (.text)
                  00001d88    00000cf8     queue.obj (.text)
                  00002a80    0000021c     main.obj (.text)
                  00002c9c    000001c4     port.obj (.text)
                  00002e60    00000136     driverlib.lib : can.obj (.text:CANMessageSet)
                  00002f96    00000132                   : gpio.obj (.text:GPIOPadConfigSet)
                  000030c8    00000132     list.obj (.text)
                  000031fa    00000002     --HOLE-- [fill = 0]
                  000031fc    00000110     driverlib.lib : sysctl.obj (.text:SysCtlClockGet)
                  0000330c    0000010e                   : can.obj (.text:CANMessageGet)
                  0000341a    00000002     --HOLE-- [fill = 0]
                  0000341c    000000f4                   : sysctl.obj (.text:SysCtlClockSet)
                  00003510    000000da     portasm.obj (.text)
                  000035ea    00000002     --HOLE-- [fill = 0]
                  000035ec    0000009c     heap_1.obj (.text)
                  00003688    0000009c     rtsv7M4_T_le_v4SPD16_eabi.lib : memcpy_t2.asm.obj (.text)
                  00003724    0000007a                                   : memset_t2.asm.obj (.text)
                  0000379e    00000002     --HOLE-- [fill = 0]
                  000037a0    00000070     can0_init.obj (.text)
                  00003810    0000006c     driverlib.lib : can.obj (.text:CANBitRateSet)
                  0000387c    00000068     rtsv7M4_T_le_v4SPD16_eabi.lib : copy_decompress_lzss.c.obj (.text:decompress:lzss:__TI_decompress_lzss)
                  000038e4    00000048     driverlib.lib : gpio.obj (.text:GPIOPinConfigure)
                  0000392c    00000044     rtsv7M4_T_le_v4SPD16_eabi.lib : autoinit.c.obj (.text:__TI_auto_init_nobinit_nopinit:__TI_auto_init_nobinit_nopinit)
                  00003970    0000003a     driverlib.lib : can.obj (.text:CANInit)
                  000039aa    00000002     --HOLE-- [fill = 0]
                  000039ac    00000038                   : sysctl.obj (.text:SysCtlPeripheralReady)
                  000039e4    00000034                   : sysctl.obj (.text:SysCtlPeripheralEnable)
                  00003a18    00000034     rtsv7M4_T_le_v4SPD16_eabi.lib : boot_cortex_m.c.obj (.text:_c_int00_noargs:_c_int00_noargs)
                  00003a4c    0000002a     driverlib.lib : gpio.obj (.text:GPIODirModeSet)
                  00003a76    0000002a                   : can.obj (.text:_CANDataRegRead)
                  00003aa0    00000024                   : can.obj (.text:_CANDataRegWrite)
                  00003ac4    00000012                   : gpio.obj (.text:GPIOPinTypeCAN)
                  00003ad6    0000000e     rtsv7M4_T_le_v4SPD16_eabi.lib : copy_decompress_none.c.obj (.text:decompress:none:__TI_decompress_none)
                  00003ae4    0000000c                                   : copy_zero_init.c.obj (.text:decompress:ZI:__TI_zero_init)
                  00003af0    0000000c     tm4c123gh6pm_startup_ccs.obj (.text)
                  00003afc    0000000a     driverlib.lib : can.obj (.text:CANEnable)
                  00003b06    00000006                   : sysctl.obj (.text:SysCtlDelay)
                  00003b0c    00000004     rtsv7M4_T_le_v4SPD16_eabi.lib : pre_init.c.obj (.text:_system_pre_init)
                  00003b10    00000004                                   : exit.c.obj (.text:abort:abort)

.const     0    00003b14    00000124     
                  00003b14    00000090     driverlib.lib : gpio.obj (.const:g_pui32GPIOBaseAddrs)
                  00003ba4    0000006c                   : sysctl.obj (.const:g_pui32Xtals)
                  00003c10    00000020                   : can.obj (.const)
                  00003c30    00000008     port.obj (.const)

.cinit     0    00003c38    00000040     
                  00003c38    00000017     (.cinit..data.load) [load image, compression = lzss]
                  00003c4f    00000001     --HOLE-- [fill = 0]
                  00003c50    0000000c     (__TI_handler_table)
                  00003c5c    00000004     --HOLE-- [fill = 0]
                  00003c60    00000008     (.cinit..bss.load) [load image, compression = zero_init]
                  00003c68    00000010     (__TI_cinit_table)

.init_array 
*          0    00000000    00000000     UNINITIALIZED

.bss       0    20000000    00004f49     UNINITIALIZED
                  20000000    00004e20     heap_1.obj (.bss:ucHeap)
                  20004e20    00000064     tasks.obj (.bss:pxReadyTasksLists)
                  20004e84    00000050     (.common:xQueueRegistry)
                  20004ed4    00000014     tasks.obj (.bss:xDelayedTaskList1)
                  20004ee8    00000014     tasks.obj (.bss:xDelayedTaskList2)
                  20004efc    00000014     tasks.obj (.bss:xPendingReadyList)
                  20004f10    00000014     tasks.obj (.bss:xSuspendedTaskList)
                  20004f24    00000014     tasks.obj (.bss:xTasksWaitingTermination)
                  20004f38    00000008     tasks.obj (.bss)
                  20004f40    00000004     (.common:xSemaphore)
                  20004f44    00000004     (.common:xSemaphore2)
                  20004f48    00000001     (.common:state)

.data      0    20005150    00000048     UNINITIALIZED
                  20005150    00000034     tasks.obj (.data)
                  20005184    0000000c     port.obj (.data)
                  20005190    00000008     heap_1.obj (.data)

.stack     0    20004f50    00000200     UNINITIALIZED
                  20004f50    00000004     rtsv7M4_T_le_v4SPD16_eabi.lib : boot_cortex_m.c.obj (.stack)
                  20004f54    000001fc     --HOLE--

MODULE SUMMARY

       Module                         code    ro data   rw data
       ------                         ----    -------   -------
    .\
       heap_1.obj                     156     0         20008  
       tasks.obj                      6940    0         260    
       queue.obj                      3320    0         80     
       tm4c123gh6pm_startup_ccs.obj   12      620       0      
       main.obj                       540     0         9      
       port.obj                       452     8         12     
       list.obj                       306     0         0      
       portasm.obj                    218     0         0      
       can0_init.obj                  112     0         0      
    +--+------------------------------+-------+---------+---------+
       Total:                         12056   628       20369  
                                                               
    C:/ti/TivaWare_C_Series-2.1.4.178/driverlib/ccs/Debug/driverlib.lib
       can.obj                        834     32        0      
       sysctl.obj                     630     108       0      
       gpio.obj                       438     144       0      
    +--+------------------------------+-------+---------+---------+
       Total:                         1902    284       0      
                                                               
    C:\ti\ccs901\ccs\tools\compiler\ti-cgt-arm_18.12.1.LTS\lib\rtsv7M4_T_le_v4SPD16_eabi.lib
       memcpy_t2.asm.obj              156     0         0      
       memset_t2.asm.obj              122     0         0      
       copy_decompress_lzss.c.obj     104     0         0      
       autoinit.c.obj                 68      0         0      
       boot_cortex_m.c.obj            52      0         0      
       copy_decompress_none.c.obj     14      0         0      
       copy_zero_init.c.obj           12      0         0      
       exit.c.obj                     4       0         0      
       pre_init.c.obj                 4       0         0      
    +--+------------------------------+-------+---------+---------+
       Total:                         536     0         0      
                                                               
       Stack:                         0       0         512    
       Linker Generated:              0       59        0      
    +--+------------------------------+-------+---------+---------+
       Grand Total:                   14494   971       20881  


LINKER GENERATED COPY TABLES

__TI_cinit_table @ 00003c68 records: 2, size/record: 8, table size: 16
	.data: load addr=00003c38, load size=00000017 bytes, run addr=20005150, run size=00000048 bytes, compression=lzss
	.bss: load addr=00003c60, load size=00000008 bytes, run addr=20000000, run size=00004f49 bytes, compression=zero_init


LINKER GENERATED HANDLER TABLE

__TI_handler_table @ 00003c50 records: 3, size/record: 4, table size: 12
	index: 0, handler: __TI_decompress_lzss
	index: 1, handler: __TI_decompress_none
	index: 2, handler: __TI_zero_init


GLOBAL SYMBOLS: SORTED ALPHABETICALLY BY Name 

address   name                               
-------   ----                               
00003b11  C$$EXIT                            
00003811  CANBitRateSet                      
00003afd  CANEnable                          
00003971  CANInit                            
0000330d  CANMessageGet                      
00002e61  CANMessageSet                      
00003a4d  GPIODirModeSet                     
00002f97  GPIOPadConfigSet                   
000038e5  GPIOPinConfigure                   
00003ac5  GPIOPinTypeCAN                     
00003af1  ResetISR                           
000031fd  SysCtlClockGet                     
0000341d  SysCtlClockSet                     
00003b07  SysCtlDelay                        
000039e5  SysCtlPeripheralEnable             
000039ad  SysCtlPeripheralReady              
20005150  __STACK_END                        
00000200  __STACK_SIZE                       
20005150  __STACK_TOP                        
00003c68  __TI_CINIT_Base                    
00003c78  __TI_CINIT_Limit                   
00003c50  __TI_Handler_Table_Base            
00003c5c  __TI_Handler_Table_Limit           
0000392d  __TI_auto_init_nobinit_nopinit     
0000387d  __TI_decompress_lzss               
00003ad7  __TI_decompress_none               
ffffffff  __TI_pprof_out_hndl                
ffffffff  __TI_prof_data_size                
ffffffff  __TI_prof_data_start               
00000000  __TI_static_base__                 
00003ae5  __TI_zero_init                     
00003725  __aeabi_memclr                     
00003725  __aeabi_memclr4                    
00003725  __aeabi_memclr8                    
00003689  __aeabi_memcpy                     
00003689  __aeabi_memcpy4                    
00003689  __aeabi_memcpy8                    
00003727  __aeabi_memset                     
00003727  __aeabi_memset4                    
00003727  __aeabi_memset8                    
ffffffff  __binit__                          
ffffffff  __c_args__                         
UNDEFED   __mpu_init                         
20004f50  __stack                            
00003a19  _c_int00_noargs                    
UNDEFED   _system_post_cinit                 
00003b0d  _system_pre_init                   
00003b11  abort                              
ffffffff  binit                              
000037a1  can0_init                          
00000605  eTaskGetState                      
00000000  g_pfnVectors                       
00002a81  initTask                           
00002b55  ledBlinkingTask                    
00002bf3  main                               
00003689  memcpy                             
0000372d  memset                             
000029f5  pcQueueGetName                     
00000c0b  pcTaskGetName                      
000035ed  pvPortMalloc                       
00001879  pvTaskIncrementMutexHeldCount      
20005150  pxCurrentTCB                       
00002c9d  pxPortInitialiseStack              
00002aed  receiveTask                        
00002ba1  sentTask                           
20004f48  state                              
0000274b  ucQueueGetQueueType                
00003c30  ulMaxSyscallInterruptPriority      
00003521  ulPortGetIPSR                      
00001899  ulTaskNotifyTake                   
000031b3  uxListRemove                       
0000272b  uxQueueGetQueueNumber              
000026c9  uxQueueMessagesWaiting             
000026ff  uxQueueMessagesWaitingFromISR      
000026df  uxQueueSpacesAvailable             
00000c05  uxTaskGetNumberOfTasks             
0000157d  uxTaskGetStackHighWaterMark        
00000d9d  uxTaskGetSystemState               
000012e7  uxTaskGetTaskNumber                
000006b1  uxTaskPriorityGet                  
000006e1  uxTaskPriorityGetFromISR           
0000184d  uxTaskResetEventItemValue          
000030c9  vListInitialise                    
000030f9  vListInitialiseItem                
00003145  vListInsert                        
00003109  vListInsertEnd                     
000035dd  vPortEnableVFP                     
00002d9b  vPortEndScheduler                  
00002d9d  vPortEnterCritical                 
00002dbd  vPortExitCritical                  
0000365d  vPortFree                          
00003667  vPortInitialiseBlocks              
00003599  vPortSVCHandler                    
00002df9  vPortSetupTimerInterrupt           
000035b9  vPortStartFirstTask                
00002e15  vPortValidateInterruptPriority     
000029b3  vQueueAddToRegistry                
00002715  vQueueDelete                       
00002739  vQueueSetQueueNumber               
00002a35  vQueueUnregisterQueue              
000005c1  vTaskDelay                         
00000513  vTaskDelayUntil                    
00000483  vTaskDelete                        
00000a9f  vTaskEndScheduler                  
000013e9  vTaskGetInfo                       
00001219  vTaskInternalSetTimeOutState       
000012df  vTaskMissedYield                   
00001bcd  vTaskNotifyGiveFromISR             
000010a3  vTaskPlaceOnEventList              
000010c3  vTaskPlaceOnUnorderedEventList     
00001795  vTaskPriorityDisinheritAfterTimeout
00000731  vTaskPrioritySet                   
00001189  vTaskRemoveFromUnorderedEventList  
00000939  vTaskResume                        
00001307  vTaskSetTaskNumber                 
000011f1  vTaskSetTimeOutState               
00000a55  vTaskStartScheduler                
00000845  vTaskSuspend                       
00000abb  vTaskSuspendAll                    
0000101d  vTaskSwitchContext                 
0000366f  xPortGetFreeHeapSize               
00003539  xPortPendSVHandler                 
00002d07  xPortStartScheduler                
00002dd3  xPortSysTickHandler                
00001f97  xQueueCreateCountingSemaphore      
00001ee7  xQueueCreateMutex                  
00001e29  xQueueGenericCreate                
00001d89  xQueueGenericReset                 
00001fb7  xQueueGenericSend                  
000020eb  xQueueGenericSendFromISR           
0000218b  xQueueGiveFromISR                  
00001f13  xQueueGiveMutexRecursive           
00002947  xQueueIsQueueEmptyFromISR          
0000298d  xQueueIsQueueFullFromISR           
000024ab  xQueuePeek                         
00002673  xQueuePeekFromISR                  
00002223  xQueueReceive                      
000025d5  xQueueReceiveFromISR               
20004e84  xQueueRegistry                     
00002349  xQueueSemaphoreTake                
00001f4f  xQueueTakeMutexRecursive           
20004f40  xSemaphore                         
20004f44  xSemaphore2                        
00000e7d  xTaskAbortDelay                    
00001239  xTaskCheckForTimeOut               
0000026d  xTaskCreate                        
000019cb  xTaskGenericNotify                 
00001abd  xTaskGenericNotifyFromISR          
000015f5  xTaskGetCurrentTaskHandle          
00000d11  xTaskGetHandle                     
00000e6f  xTaskGetIdleTaskHandle             
00001621  xTaskGetSchedulerState             
00000bb9  xTaskGetTickCount                  
00000bd1  xTaskGetTickCountFromISR           
00000f09  xTaskIncrementTick                 
00001c81  xTaskNotifyStateClear              
00001921  xTaskNotifyWait                    
0000170f  xTaskPriorityDisinherit            
00001651  xTaskPriorityInherit               
000010f9  xTaskRemoveFromEventList           
00000ad1  xTaskResumeAll                     
000009b7  xTaskResumeFromISR                 


GLOBAL SYMBOLS: SORTED BY Symbol Address 

address   name                               
-------   ----                               
00000000  __TI_static_base__                 
00000000  g_pfnVectors                       
00000200  __STACK_SIZE                       
0000026d  xTaskCreate                        
00000483  vTaskDelete                        
00000513  vTaskDelayUntil                    
000005c1  vTaskDelay                         
00000605  eTaskGetState                      
000006b1  uxTaskPriorityGet                  
000006e1  uxTaskPriorityGetFromISR           
00000731  vTaskPrioritySet                   
00000845  vTaskSuspend                       
00000939  vTaskResume                        
000009b7  xTaskResumeFromISR                 
00000a55  vTaskStartScheduler                
00000a9f  vTaskEndScheduler                  
00000abb  vTaskSuspendAll                    
00000ad1  xTaskResumeAll                     
00000bb9  xTaskGetTickCount                  
00000bd1  xTaskGetTickCountFromISR           
00000c05  uxTaskGetNumberOfTasks             
00000c0b  pcTaskGetName                      
00000d11  xTaskGetHandle                     
00000d9d  uxTaskGetSystemState               
00000e6f  xTaskGetIdleTaskHandle             
00000e7d  xTaskAbortDelay                    
00000f09  xTaskIncrementTick                 
0000101d  vTaskSwitchContext                 
000010a3  vTaskPlaceOnEventList              
000010c3  vTaskPlaceOnUnorderedEventList     
000010f9  xTaskRemoveFromEventList           
00001189  vTaskRemoveFromUnorderedEventList  
000011f1  vTaskSetTimeOutState               
00001219  vTaskInternalSetTimeOutState       
00001239  xTaskCheckForTimeOut               
000012df  vTaskMissedYield                   
000012e7  uxTaskGetTaskNumber                
00001307  vTaskSetTaskNumber                 
000013e9  vTaskGetInfo                       
0000157d  uxTaskGetStackHighWaterMark        
000015f5  xTaskGetCurrentTaskHandle          
00001621  xTaskGetSchedulerState             
00001651  xTaskPriorityInherit               
0000170f  xTaskPriorityDisinherit            
00001795  vTaskPriorityDisinheritAfterTimeout
0000184d  uxTaskResetEventItemValue          
00001879  pvTaskIncrementMutexHeldCount      
00001899  ulTaskNotifyTake                   
00001921  xTaskNotifyWait                    
000019cb  xTaskGenericNotify                 
00001abd  xTaskGenericNotifyFromISR          
00001bcd  vTaskNotifyGiveFromISR             
00001c81  xTaskNotifyStateClear              
00001d89  xQueueGenericReset                 
00001e29  xQueueGenericCreate                
00001ee7  xQueueCreateMutex                  
00001f13  xQueueGiveMutexRecursive           
00001f4f  xQueueTakeMutexRecursive           
00001f97  xQueueCreateCountingSemaphore      
00001fb7  xQueueGenericSend                  
000020eb  xQueueGenericSendFromISR           
0000218b  xQueueGiveFromISR                  
00002223  xQueueReceive                      
00002349  xQueueSemaphoreTake                
000024ab  xQueuePeek                         
000025d5  xQueueReceiveFromISR               
00002673  xQueuePeekFromISR                  
000026c9  uxQueueMessagesWaiting             
000026df  uxQueueSpacesAvailable             
000026ff  uxQueueMessagesWaitingFromISR      
00002715  vQueueDelete                       
0000272b  uxQueueGetQueueNumber              
00002739  vQueueSetQueueNumber               
0000274b  ucQueueGetQueueType                
00002947  xQueueIsQueueEmptyFromISR          
0000298d  xQueueIsQueueFullFromISR           
000029b3  vQueueAddToRegistry                
000029f5  pcQueueGetName                     
00002a35  vQueueUnregisterQueue              
00002a81  initTask                           
00002aed  receiveTask                        
00002b55  ledBlinkingTask                    
00002ba1  sentTask                           
00002bf3  main                               
00002c9d  pxPortInitialiseStack              
00002d07  xPortStartScheduler                
00002d9b  vPortEndScheduler                  
00002d9d  vPortEnterCritical                 
00002dbd  vPortExitCritical                  
00002dd3  xPortSysTickHandler                
00002df9  vPortSetupTimerInterrupt           
00002e15  vPortValidateInterruptPriority     
00002e61  CANMessageSet                      
00002f97  GPIOPadConfigSet                   
000030c9  vListInitialise                    
000030f9  vListInitialiseItem                
00003109  vListInsertEnd                     
00003145  vListInsert                        
000031b3  uxListRemove                       
000031fd  SysCtlClockGet                     
0000330d  CANMessageGet                      
0000341d  SysCtlClockSet                     
00003521  ulPortGetIPSR                      
00003539  xPortPendSVHandler                 
00003599  vPortSVCHandler                    
000035b9  vPortStartFirstTask                
000035dd  vPortEnableVFP                     
000035ed  pvPortMalloc                       
0000365d  vPortFree                          
00003667  vPortInitialiseBlocks              
0000366f  xPortGetFreeHeapSize               
00003689  __aeabi_memcpy                     
00003689  __aeabi_memcpy4                    
00003689  __aeabi_memcpy8                    
00003689  memcpy                             
00003725  __aeabi_memclr                     
00003725  __aeabi_memclr4                    
00003725  __aeabi_memclr8                    
00003727  __aeabi_memset                     
00003727  __aeabi_memset4                    
00003727  __aeabi_memset8                    
0000372d  memset                             
000037a1  can0_init                          
00003811  CANBitRateSet                      
0000387d  __TI_decompress_lzss               
000038e5  GPIOPinConfigure                   
0000392d  __TI_auto_init_nobinit_nopinit     
00003971  CANInit                            
000039ad  SysCtlPeripheralReady              
000039e5  SysCtlPeripheralEnable             
00003a19  _c_int00_noargs                    
00003a4d  GPIODirModeSet                     
00003ac5  GPIOPinTypeCAN                     
00003ad7  __TI_decompress_none               
00003ae5  __TI_zero_init                     
00003af1  ResetISR                           
00003afd  CANEnable                          
00003b07  SysCtlDelay                        
00003b0d  _system_pre_init                   
00003b11  C$$EXIT                            
00003b11  abort                              
00003c30  ulMaxSyscallInterruptPriority      
00003c50  __TI_Handler_Table_Base            
00003c5c  __TI_Handler_Table_Limit           
00003c68  __TI_CINIT_Base                    
00003c78  __TI_CINIT_Limit                   
20004e84  xQueueRegistry                     
20004f40  xSemaphore                         
20004f44  xSemaphore2                        
20004f48  state                              
20004f50  __stack                            
20005150  __STACK_END                        
20005150  __STACK_TOP                        
20005150  pxCurrentTCB                       
ffffffff  __TI_pprof_out_hndl                
ffffffff  __TI_prof_data_size                
ffffffff  __TI_prof_data_start               
ffffffff  __binit__                          
ffffffff  __c_args__                         
ffffffff  binit                              
UNDEFED   __mpu_init                         
UNDEFED   _system_post_cinit                 

[162 symbols]
