******************************************************************************
                  TI ARM Linker PC v18.12.1                    
******************************************************************************
>> Linked Thu Jul  4 17:50:21 2019

OUTPUT FILE NAME:   <Slave.out>
ENTRY POINT SYMBOL: "_c_int00_noargs"  address: 00003989


MEMORY CONFIGURATION

         name            origin    length      used     unused   attr    fill
----------------------  --------  ---------  --------  --------  ----  --------
  FLASH                 00000000   00040000  00003be8  0003c418  R  X
  SRAM                  20000000   00008000  0000518d  00002e73  RW X


SEGMENT ALLOCATION MAP

run origin  load origin   length   init length attrs members
----------  ----------- ---------- ----------- ----- -------
00000000    00000000    00003be8   00003be8    r-x
  00000000    00000000    0000026c   0000026c    r-- .intvecs
  0000026c    0000026c    00003818   00003818    r-x .text
  00003a84    00003a84    00000124   00000124    r-- .const
  00003ba8    00003ba8    00000040   00000040    r-- .cinit
20000000    20000000    00005190   00000000    rw-
  20000000    20000000    00004f45   00000000    rw- .bss
  20004f48    20004f48    00000200   00000000    rw- .stack
  20005148    20005148    00000048   00000000    rw- .data


SECTION ALLOCATION MAP

 output                                  attributes/
section   page    origin      length       input sections
--------  ----  ----------  ----------   ----------------
.intvecs   0    00000000    0000026c     
                  00000000    0000026c     tm4c123gh6pm_startup_ccs.obj (.intvecs)

.text      0    0000026c    00003818     
                  0000026c    00001b1c     tasks.obj (.text)
                  00001d88    00000cf8     queue.obj (.text)
                  00002a80    000001d8     main.obj (.text)
                  00002c58    000001c4     port.obj (.text)
                  00002e1c    00000136     driverlib.lib : can.obj (.text:CANMessageSet)
                  00002f52    00000132                   : gpio.obj (.text:GPIOPadConfigSet)
                  00003084    00000132     list.obj (.text)
                  000031b6    00000002     --HOLE-- [fill = 0]
                  000031b8    00000110     driverlib.lib : sysctl.obj (.text:SysCtlClockGet)
                  000032c8    0000010e                   : can.obj (.text:CANMessageGet)
                  000033d6    00000002     --HOLE-- [fill = 0]
                  000033d8    000000f4                   : sysctl.obj (.text:SysCtlClockSet)
                  000034cc    000000da     portasm.obj (.text)
                  000035a6    00000002     --HOLE-- [fill = 0]
                  000035a8    0000009c     heap_1.obj (.text)
                  00003644    0000009c     rtsv7M4_T_le_v4SPD16_eabi.lib : memcpy_t2.asm.obj (.text)
                  000036e0    0000007a                                   : memset_t2.asm.obj (.text)
                  0000375a    00000002     --HOLE-- [fill = 0]
                  0000375c    0000006c     driverlib.lib : can.obj (.text:CANBitRateSet)
                  000037c8    00000068     rtsv7M4_T_le_v4SPD16_eabi.lib : copy_decompress_lzss.c.obj (.text:decompress:lzss:__TI_decompress_lzss)
                  00003830    0000005c     can0_init.obj (.text)
                  0000388c    00000048     driverlib.lib : gpio.obj (.text:GPIOPinConfigure)
                  000038d4    00000044     rtsv7M4_T_le_v4SPD16_eabi.lib : autoinit.c.obj (.text:__TI_auto_init_nobinit_nopinit:__TI_auto_init_nobinit_nopinit)
                  00003918    0000003a     driverlib.lib : can.obj (.text:CANInit)
                  00003952    00000002     --HOLE-- [fill = 0]
                  00003954    00000034                   : sysctl.obj (.text:SysCtlPeripheralEnable)
                  00003988    00000034     rtsv7M4_T_le_v4SPD16_eabi.lib : boot_cortex_m.c.obj (.text:_c_int00_noargs:_c_int00_noargs)
                  000039bc    0000002a     driverlib.lib : gpio.obj (.text:GPIODirModeSet)
                  000039e6    0000002a                   : can.obj (.text:_CANDataRegRead)
                  00003a10    00000024                   : can.obj (.text:_CANDataRegWrite)
                  00003a34    00000012                   : gpio.obj (.text:GPIOPinTypeCAN)
                  00003a46    0000000e     rtsv7M4_T_le_v4SPD16_eabi.lib : copy_decompress_none.c.obj (.text:decompress:none:__TI_decompress_none)
                  00003a54    0000000c                                   : copy_zero_init.c.obj (.text:decompress:ZI:__TI_zero_init)
                  00003a60    0000000c     tm4c123gh6pm_startup_ccs.obj (.text)
                  00003a6c    0000000a     driverlib.lib : can.obj (.text:CANEnable)
                  00003a76    00000006                   : sysctl.obj (.text:SysCtlDelay)
                  00003a7c    00000004     rtsv7M4_T_le_v4SPD16_eabi.lib : pre_init.c.obj (.text:_system_pre_init)
                  00003a80    00000004                                   : exit.c.obj (.text:abort:abort)

.const     0    00003a84    00000124     
                  00003a84    00000090     driverlib.lib : gpio.obj (.const:g_pui32GPIOBaseAddrs)
                  00003b14    0000006c                   : sysctl.obj (.const:g_pui32Xtals)
                  00003b80    00000020                   : can.obj (.const)
                  00003ba0    00000008     port.obj (.const)

.cinit     0    00003ba8    00000040     
                  00003ba8    00000017     (.cinit..data.load) [load image, compression = lzss]
                  00003bbf    00000001     --HOLE-- [fill = 0]
                  00003bc0    0000000c     (__TI_handler_table)
                  00003bcc    00000004     --HOLE-- [fill = 0]
                  00003bd0    00000008     (.cinit..bss.load) [load image, compression = zero_init]
                  00003bd8    00000010     (__TI_cinit_table)

.init_array 
*          0    00000000    00000000     UNINITIALIZED

.bss       0    20000000    00004f45     UNINITIALIZED
                  20000000    00004e20     heap_1.obj (.bss:ucHeap)
                  20004e20    00000064     tasks.obj (.bss:pxReadyTasksLists)
                  20004e84    00000050     (.common:xQueueRegistry)
                  20004ed4    00000014     tasks.obj (.bss:xDelayedTaskList1)
                  20004ee8    00000014     tasks.obj (.bss:xDelayedTaskList2)
                  20004efc    00000014     tasks.obj (.bss:xPendingReadyList)
                  20004f10    00000014     tasks.obj (.bss:xSuspendedTaskList)
                  20004f24    00000014     tasks.obj (.bss:xTasksWaitingTermination)
                  20004f38    00000008     tasks.obj (.bss)
                  20004f40    00000004     (.common:xSemaphore)
                  20004f44    00000001     (.common:state)

.data      0    20005148    00000048     UNINITIALIZED
                  20005148    00000034     tasks.obj (.data)
                  2000517c    0000000c     port.obj (.data)
                  20005188    00000008     heap_1.obj (.data)

.stack     0    20004f48    00000200     UNINITIALIZED
                  20004f48    00000004     rtsv7M4_T_le_v4SPD16_eabi.lib : boot_cortex_m.c.obj (.stack)
                  20004f4c    000001fc     --HOLE--

MODULE SUMMARY

       Module                         code    ro data   rw data
       ------                         ----    -------   -------
    .\
       heap_1.obj                     156     0         20008  
       tasks.obj                      6940    0         260    
       queue.obj                      3320    0         80     
       tm4c123gh6pm_startup_ccs.obj   12      620       0      
       main.obj                       472     0         5      
       port.obj                       452     8         12     
       list.obj                       306     0         0      
       portasm.obj                    218     0         0      
       can0_init.obj                  92      0         0      
    +--+------------------------------+-------+---------+---------+
       Total:                         11968   628       20365  
                                                               
    C:/ti/TivaWare_C_Series-2.1.4.178/driverlib/ccs/Debug/driverlib.lib
       can.obj                        834     32        0      
       sysctl.obj                     574     108       0      
       gpio.obj                       438     144       0      
    +--+------------------------------+-------+---------+---------+
       Total:                         1846    284       0      
                                                               
    C:\ti\ccs901\ccs\tools\compiler\ti-cgt-arm_18.12.1.LTS\lib\rtsv7M4_T_le_v4SPD16_eabi.lib
       memcpy_t2.asm.obj              156     0         0      
       memset_t2.asm.obj              122     0         0      
       copy_decompress_lzss.c.obj     104     0         0      
       autoinit.c.obj                 68      0         0      
       boot_cortex_m.c.obj            52      0         0      
       copy_decompress_none.c.obj     14      0         0      
       copy_zero_init.c.obj           12      0         0      
       exit.c.obj                     4       0         0      
       pre_init.c.obj                 4       0         0      
    +--+------------------------------+-------+---------+---------+
       Total:                         536     0         0      
                                                               
       Stack:                         0       0         512    
       Linker Generated:              0       59        0      
    +--+------------------------------+-------+---------+---------+
       Grand Total:                   14350   971       20877  


LINKER GENERATED COPY TABLES

__TI_cinit_table @ 00003bd8 records: 2, size/record: 8, table size: 16
	.data: load addr=00003ba8, load size=00000017 bytes, run addr=20005148, run size=00000048 bytes, compression=lzss
	.bss: load addr=00003bd0, load size=00000008 bytes, run addr=20000000, run size=00004f45 bytes, compression=zero_init


LINKER GENERATED HANDLER TABLE

__TI_handler_table @ 00003bc0 records: 3, size/record: 4, table size: 12
	index: 0, handler: __TI_decompress_lzss
	index: 1, handler: __TI_decompress_none
	index: 2, handler: __TI_zero_init


GLOBAL SYMBOLS: SORTED ALPHABETICALLY BY Name 

address   name                               
-------   ----                               
00003a81  C$$EXIT                            
0000375d  CANBitRateSet                      
00003a6d  CANEnable                          
00003919  CANInit                            
000032c9  CANMessageGet                      
00002e1d  CANMessageSet                      
000039bd  GPIODirModeSet                     
00002f53  GPIOPadConfigSet                   
0000388d  GPIOPinConfigure                   
00003a35  GPIOPinTypeCAN                     
00003a61  ResetISR                           
000031b9  SysCtlClockGet                     
000033d9  SysCtlClockSet                     
00003a77  SysCtlDelay                        
00003955  SysCtlPeripheralEnable             
20005148  __STACK_END                        
00000200  __STACK_SIZE                       
20005148  __STACK_TOP                        
00003bd8  __TI_CINIT_Base                    
00003be8  __TI_CINIT_Limit                   
00003bc0  __TI_Handler_Table_Base            
00003bcc  __TI_Handler_Table_Limit           
000038d5  __TI_auto_init_nobinit_nopinit     
000037c9  __TI_decompress_lzss               
00003a47  __TI_decompress_none               
ffffffff  __TI_pprof_out_hndl                
ffffffff  __TI_prof_data_size                
ffffffff  __TI_prof_data_start               
00000000  __TI_static_base__                 
00003a55  __TI_zero_init                     
000036e1  __aeabi_memclr                     
000036e1  __aeabi_memclr4                    
000036e1  __aeabi_memclr8                    
00003645  __aeabi_memcpy                     
00003645  __aeabi_memcpy4                    
00003645  __aeabi_memcpy8                    
000036e3  __aeabi_memset                     
000036e3  __aeabi_memset4                    
000036e3  __aeabi_memset8                    
ffffffff  __binit__                          
ffffffff  __c_args__                         
UNDEFED   __mpu_init                         
20004f48  __stack                            
00003989  _c_int00_noargs                    
UNDEFED   _system_post_cinit                 
00003a7d  _system_pre_init                   
00003a81  abort                              
ffffffff  binit                              
00003831  can0_init                          
00000605  eTaskGetState                      
00000000  g_pfnVectors                       
00002a81  initTask                           
00002b2f  ledBlinkingTask                    
00002bb1  main                               
00003645  memcpy                             
000036e9  memset                             
000029f5  pcQueueGetName                     
00000c0b  pcTaskGetName                      
000035a9  pvPortMalloc                       
00001879  pvTaskIncrementMutexHeldCount      
20005148  pxCurrentTCB                       
00002c59  pxPortInitialiseStack              
00002ad3  receiveTask                        
00002b6d  sentTask                           
20004f44  state                              
0000274b  ucQueueGetQueueType                
00003ba0  ulMaxSyscallInterruptPriority      
000034dd  ulPortGetIPSR                      
00001899  ulTaskNotifyTake                   
0000316f  uxListRemove                       
0000272b  uxQueueGetQueueNumber              
000026c9  uxQueueMessagesWaiting             
000026ff  uxQueueMessagesWaitingFromISR      
000026df  uxQueueSpacesAvailable             
00000c05  uxTaskGetNumberOfTasks             
0000157d  uxTaskGetStackHighWaterMark        
00000d9d  uxTaskGetSystemState               
000012e7  uxTaskGetTaskNumber                
000006b1  uxTaskPriorityGet                  
000006e1  uxTaskPriorityGetFromISR           
0000184d  uxTaskResetEventItemValue          
00003085  vListInitialise                    
000030b5  vListInitialiseItem                
00003101  vListInsert                        
000030c5  vListInsertEnd                     
00003599  vPortEnableVFP                     
00002d57  vPortEndScheduler                  
00002d59  vPortEnterCritical                 
00002d79  vPortExitCritical                  
00003619  vPortFree                          
00003623  vPortInitialiseBlocks              
00003555  vPortSVCHandler                    
00002db5  vPortSetupTimerInterrupt           
00003575  vPortStartFirstTask                
00002dd1  vPortValidateInterruptPriority     
000029b3  vQueueAddToRegistry                
00002715  vQueueDelete                       
00002739  vQueueSetQueueNumber               
00002a35  vQueueUnregisterQueue              
000005c1  vTaskDelay                         
00000513  vTaskDelayUntil                    
00000483  vTaskDelete                        
00000a9f  vTaskEndScheduler                  
000013e9  vTaskGetInfo                       
00001219  vTaskInternalSetTimeOutState       
000012df  vTaskMissedYield                   
00001bcd  vTaskNotifyGiveFromISR             
000010a3  vTaskPlaceOnEventList              
000010c3  vTaskPlaceOnUnorderedEventList     
00001795  vTaskPriorityDisinheritAfterTimeout
00000731  vTaskPrioritySet                   
00001189  vTaskRemoveFromUnorderedEventList  
00000939  vTaskResume                        
00001307  vTaskSetTaskNumber                 
000011f1  vTaskSetTimeOutState               
00000a55  vTaskStartScheduler                
00000845  vTaskSuspend                       
00000abb  vTaskSuspendAll                    
0000101d  vTaskSwitchContext                 
0000362b  xPortGetFreeHeapSize               
000034f5  xPortPendSVHandler                 
00002cc3  xPortStartScheduler                
00002d8f  xPortSysTickHandler                
00001f97  xQueueCreateCountingSemaphore      
00001ee7  xQueueCreateMutex                  
00001e29  xQueueGenericCreate                
00001d89  xQueueGenericReset                 
00001fb7  xQueueGenericSend                  
000020eb  xQueueGenericSendFromISR           
0000218b  xQueueGiveFromISR                  
00001f13  xQueueGiveMutexRecursive           
00002947  xQueueIsQueueEmptyFromISR          
0000298d  xQueueIsQueueFullFromISR           
000024ab  xQueuePeek                         
00002673  xQueuePeekFromISR                  
00002223  xQueueReceive                      
000025d5  xQueueReceiveFromISR               
20004e84  xQueueRegistry                     
00002349  xQueueSemaphoreTake                
00001f4f  xQueueTakeMutexRecursive           
20004f40  xSemaphore                         
00000e7d  xTaskAbortDelay                    
00001239  xTaskCheckForTimeOut               
0000026d  xTaskCreate                        
000019cb  xTaskGenericNotify                 
00001abd  xTaskGenericNotifyFromISR          
000015f5  xTaskGetCurrentTaskHandle          
00000d11  xTaskGetHandle                     
00000e6f  xTaskGetIdleTaskHandle             
00001621  xTaskGetSchedulerState             
00000bb9  xTaskGetTickCount                  
00000bd1  xTaskGetTickCountFromISR           
00000f09  xTaskIncrementTick                 
00001c81  xTaskNotifyStateClear              
00001921  xTaskNotifyWait                    
0000170f  xTaskPriorityDisinherit            
00001651  xTaskPriorityInherit               
000010f9  xTaskRemoveFromEventList           
00000ad1  xTaskResumeAll                     
000009b7  xTaskResumeFromISR                 


GLOBAL SYMBOLS: SORTED BY Symbol Address 

address   name                               
-------   ----                               
00000000  __TI_static_base__                 
00000000  g_pfnVectors                       
00000200  __STACK_SIZE                       
0000026d  xTaskCreate                        
00000483  vTaskDelete                        
00000513  vTaskDelayUntil                    
000005c1  vTaskDelay                         
00000605  eTaskGetState                      
000006b1  uxTaskPriorityGet                  
000006e1  uxTaskPriorityGetFromISR           
00000731  vTaskPrioritySet                   
00000845  vTaskSuspend                       
00000939  vTaskResume                        
000009b7  xTaskResumeFromISR                 
00000a55  vTaskStartScheduler                
00000a9f  vTaskEndScheduler                  
00000abb  vTaskSuspendAll                    
00000ad1  xTaskResumeAll                     
00000bb9  xTaskGetTickCount                  
00000bd1  xTaskGetTickCountFromISR           
00000c05  uxTaskGetNumberOfTasks             
00000c0b  pcTaskGetName                      
00000d11  xTaskGetHandle                     
00000d9d  uxTaskGetSystemState               
00000e6f  xTaskGetIdleTaskHandle             
00000e7d  xTaskAbortDelay                    
00000f09  xTaskIncrementTick                 
0000101d  vTaskSwitchContext                 
000010a3  vTaskPlaceOnEventList              
000010c3  vTaskPlaceOnUnorderedEventList     
000010f9  xTaskRemoveFromEventList           
00001189  vTaskRemoveFromUnorderedEventList  
000011f1  vTaskSetTimeOutState               
00001219  vTaskInternalSetTimeOutState       
00001239  xTaskCheckForTimeOut               
000012df  vTaskMissedYield                   
000012e7  uxTaskGetTaskNumber                
00001307  vTaskSetTaskNumber                 
000013e9  vTaskGetInfo                       
0000157d  uxTaskGetStackHighWaterMark        
000015f5  xTaskGetCurrentTaskHandle          
00001621  xTaskGetSchedulerState             
00001651  xTaskPriorityInherit               
0000170f  xTaskPriorityDisinherit            
00001795  vTaskPriorityDisinheritAfterTimeout
0000184d  uxTaskResetEventItemValue          
00001879  pvTaskIncrementMutexHeldCount      
00001899  ulTaskNotifyTake                   
00001921  xTaskNotifyWait                    
000019cb  xTaskGenericNotify                 
00001abd  xTaskGenericNotifyFromISR          
00001bcd  vTaskNotifyGiveFromISR             
00001c81  xTaskNotifyStateClear              
00001d89  xQueueGenericReset                 
00001e29  xQueueGenericCreate                
00001ee7  xQueueCreateMutex                  
00001f13  xQueueGiveMutexRecursive           
00001f4f  xQueueTakeMutexRecursive           
00001f97  xQueueCreateCountingSemaphore      
00001fb7  xQueueGenericSend                  
000020eb  xQueueGenericSendFromISR           
0000218b  xQueueGiveFromISR                  
00002223  xQueueReceive                      
00002349  xQueueSemaphoreTake                
000024ab  xQueuePeek                         
000025d5  xQueueReceiveFromISR               
00002673  xQueuePeekFromISR                  
000026c9  uxQueueMessagesWaiting             
000026df  uxQueueSpacesAvailable             
000026ff  uxQueueMessagesWaitingFromISR      
00002715  vQueueDelete                       
0000272b  uxQueueGetQueueNumber              
00002739  vQueueSetQueueNumber               
0000274b  ucQueueGetQueueType                
00002947  xQueueIsQueueEmptyFromISR          
0000298d  xQueueIsQueueFullFromISR           
000029b3  vQueueAddToRegistry                
000029f5  pcQueueGetName                     
00002a35  vQueueUnregisterQueue              
00002a81  initTask                           
00002ad3  receiveTask                        
00002b2f  ledBlinkingTask                    
00002b6d  sentTask                           
00002bb1  main                               
00002c59  pxPortInitialiseStack              
00002cc3  xPortStartScheduler                
00002d57  vPortEndScheduler                  
00002d59  vPortEnterCritical                 
00002d79  vPortExitCritical                  
00002d8f  xPortSysTickHandler                
00002db5  vPortSetupTimerInterrupt           
00002dd1  vPortValidateInterruptPriority     
00002e1d  CANMessageSet                      
00002f53  GPIOPadConfigSet                   
00003085  vListInitialise                    
000030b5  vListInitialiseItem                
000030c5  vListInsertEnd                     
00003101  vListInsert                        
0000316f  uxListRemove                       
000031b9  SysCtlClockGet                     
000032c9  CANMessageGet                      
000033d9  SysCtlClockSet                     
000034dd  ulPortGetIPSR                      
000034f5  xPortPendSVHandler                 
00003555  vPortSVCHandler                    
00003575  vPortStartFirstTask                
00003599  vPortEnableVFP                     
000035a9  pvPortMalloc                       
00003619  vPortFree                          
00003623  vPortInitialiseBlocks              
0000362b  xPortGetFreeHeapSize               
00003645  __aeabi_memcpy                     
00003645  __aeabi_memcpy4                    
00003645  __aeabi_memcpy8                    
00003645  memcpy                             
000036e1  __aeabi_memclr                     
000036e1  __aeabi_memclr4                    
000036e1  __aeabi_memclr8                    
000036e3  __aeabi_memset                     
000036e3  __aeabi_memset4                    
000036e3  __aeabi_memset8                    
000036e9  memset                             
0000375d  CANBitRateSet                      
000037c9  __TI_decompress_lzss               
00003831  can0_init                          
0000388d  GPIOPinConfigure                   
000038d5  __TI_auto_init_nobinit_nopinit     
00003919  CANInit                            
00003955  SysCtlPeripheralEnable             
00003989  _c_int00_noargs                    
000039bd  GPIODirModeSet                     
00003a35  GPIOPinTypeCAN                     
00003a47  __TI_decompress_none               
00003a55  __TI_zero_init                     
00003a61  ResetISR                           
00003a6d  CANEnable                          
00003a77  SysCtlDelay                        
00003a7d  _system_pre_init                   
00003a81  C$$EXIT                            
00003a81  abort                              
00003ba0  ulMaxSyscallInterruptPriority      
00003bc0  __TI_Handler_Table_Base            
00003bcc  __TI_Handler_Table_Limit           
00003bd8  __TI_CINIT_Base                    
00003be8  __TI_CINIT_Limit                   
20004e84  xQueueRegistry                     
20004f40  xSemaphore                         
20004f44  state                              
20004f48  __stack                            
20005148  __STACK_END                        
20005148  __STACK_TOP                        
20005148  pxCurrentTCB                       
ffffffff  __TI_pprof_out_hndl                
ffffffff  __TI_prof_data_size                
ffffffff  __TI_prof_data_start               
ffffffff  __binit__                          
ffffffff  __c_args__                         
ffffffff  binit                              
UNDEFED   __mpu_init                         
UNDEFED   _system_post_cinit                 

[160 symbols]
