******************************************************************************
                  TI ARM Linker PC v18.12.1                    
******************************************************************************
>> Linked Thu Jul  4 14:30:47 2019

OUTPUT FILE NAME:   <Test2.out>
ENTRY POINT SYMBOL: "_c_int00_noargs"  address: 000039e5


MEMORY CONFIGURATION

         name            origin    length      used     unused   attr    fill
----------------------  --------  ---------  --------  --------  ----  --------
  FLASH                 00000000   00040000  00003c44  0003c3bc  R  X
  SRAM                  20000000   00008000  0000518d  00002e73  RW X


SEGMENT ALLOCATION MAP

run origin  load origin   length   init length attrs members
----------  ----------- ---------- ----------- ----- -------
00000000    00000000    00003c48   00003c48    r-x
  00000000    00000000    0000026c   0000026c    r-- .intvecs
  0000026c    0000026c    00003874   00003874    r-x .text
  00003ae0    00003ae0    00000124   00000124    r-- .const
  00003c08    00003c08    00000040   00000040    r-- .cinit
20000000    20000000    00005190   00000000    rw-
  20000000    20000000    00004f45   00000000    rw- .bss
  20004f48    20004f48    00000200   00000000    rw- .stack
  20005148    20005148    00000048   00000000    rw- .data


SECTION ALLOCATION MAP

 output                                  attributes/
section   page    origin      length       input sections
--------  ----  ----------  ----------   ----------------
.intvecs   0    00000000    0000026c     
                  00000000    0000026c     tm4c123gh6pm_startup_ccs.obj (.intvecs)

.text      0    0000026c    00003874     
                  0000026c    00001b1c     tasks.obj (.text)
                  00001d88    00000cf8     queue.obj (.text)
                  00002a80    000001f4     main.obj (.text)
                  00002c74    000001c4     port.obj (.text)
                  00002e38    00000136     driverlib.lib : can.obj (.text:CANMessageSet)
                  00002f6e    00000132                   : gpio.obj (.text:GPIOPadConfigSet)
                  000030a0    00000132     list.obj (.text)
                  000031d2    00000002     --HOLE-- [fill = 0]
                  000031d4    00000110     driverlib.lib : sysctl.obj (.text:SysCtlClockGet)
                  000032e4    0000010e                   : can.obj (.text:CANMessageGet)
                  000033f2    00000002     --HOLE-- [fill = 0]
                  000033f4    000000f4                   : sysctl.obj (.text:SysCtlClockSet)
                  000034e8    000000da     portasm.obj (.text)
                  000035c2    00000002     --HOLE-- [fill = 0]
                  000035c4    0000009c     heap_1.obj (.text)
                  00003660    0000009c     rtsv7M4_T_le_v4SPD16_eabi.lib : memcpy_t2.asm.obj (.text)
                  000036fc    0000007a                                   : memset_t2.asm.obj (.text)
                  00003776    00000002     --HOLE-- [fill = 0]
                  00003778    0000006c     driverlib.lib : can.obj (.text:CANBitRateSet)
                  000037e4    00000068     rtsv7M4_T_le_v4SPD16_eabi.lib : copy_decompress_lzss.c.obj (.text:decompress:lzss:__TI_decompress_lzss)
                  0000384c    0000005c     can0_init.obj (.text)
                  000038a8    00000048     driverlib.lib : gpio.obj (.text:GPIOPinConfigure)
                  000038f0    00000044     rtsv7M4_T_le_v4SPD16_eabi.lib : autoinit.c.obj (.text:__TI_auto_init_nobinit_nopinit:__TI_auto_init_nobinit_nopinit)
                  00003934    00000040     driverlib.lib : can.obj (.text:CANStatusGet)
                  00003974    0000003a                   : can.obj (.text:CANInit)
                  000039ae    00000002     --HOLE-- [fill = 0]
                  000039b0    00000034                   : sysctl.obj (.text:SysCtlPeripheralEnable)
                  000039e4    00000034     rtsv7M4_T_le_v4SPD16_eabi.lib : boot_cortex_m.c.obj (.text:_c_int00_noargs:_c_int00_noargs)
                  00003a18    0000002a     driverlib.lib : gpio.obj (.text:GPIODirModeSet)
                  00003a42    0000002a                   : can.obj (.text:_CANDataRegRead)
                  00003a6c    00000024                   : can.obj (.text:_CANDataRegWrite)
                  00003a90    00000012                   : gpio.obj (.text:GPIOPinTypeCAN)
                  00003aa2    0000000e     rtsv7M4_T_le_v4SPD16_eabi.lib : copy_decompress_none.c.obj (.text:decompress:none:__TI_decompress_none)
                  00003ab0    0000000c                                   : copy_zero_init.c.obj (.text:decompress:ZI:__TI_zero_init)
                  00003abc    0000000c     tm4c123gh6pm_startup_ccs.obj (.text)
                  00003ac8    0000000a     driverlib.lib : can.obj (.text:CANEnable)
                  00003ad2    00000006                   : sysctl.obj (.text:SysCtlDelay)
                  00003ad8    00000004     rtsv7M4_T_le_v4SPD16_eabi.lib : pre_init.c.obj (.text:_system_pre_init)
                  00003adc    00000004                                   : exit.c.obj (.text:abort:abort)

.const     0    00003ae0    00000124     
                  00003ae0    00000090     driverlib.lib : gpio.obj (.const:g_pui32GPIOBaseAddrs)
                  00003b70    0000006c                   : sysctl.obj (.const:g_pui32Xtals)
                  00003bdc    00000020                   : can.obj (.const)
                  00003bfc    00000008     port.obj (.const)

.cinit     0    00003c08    00000040     
                  00003c08    00000017     (.cinit..data.load) [load image, compression = lzss]
                  00003c1f    00000001     --HOLE-- [fill = 0]
                  00003c20    0000000c     (__TI_handler_table)
                  00003c2c    00000004     --HOLE-- [fill = 0]
                  00003c30    00000008     (.cinit..bss.load) [load image, compression = zero_init]
                  00003c38    00000010     (__TI_cinit_table)

.init_array 
*          0    00000000    00000000     UNINITIALIZED

.bss       0    20000000    00004f45     UNINITIALIZED
                  20000000    00004e20     heap_1.obj (.bss:ucHeap)
                  20004e20    00000064     tasks.obj (.bss:pxReadyTasksLists)
                  20004e84    00000050     (.common:xQueueRegistry)
                  20004ed4    00000014     tasks.obj (.bss:xDelayedTaskList1)
                  20004ee8    00000014     tasks.obj (.bss:xDelayedTaskList2)
                  20004efc    00000014     tasks.obj (.bss:xPendingReadyList)
                  20004f10    00000014     tasks.obj (.bss:xSuspendedTaskList)
                  20004f24    00000014     tasks.obj (.bss:xTasksWaitingTermination)
                  20004f38    00000008     tasks.obj (.bss)
                  20004f40    00000004     (.common:xSemaphore)
                  20004f44    00000001     (.common:state)

.data      0    20005148    00000048     UNINITIALIZED
                  20005148    00000034     tasks.obj (.data)
                  2000517c    0000000c     port.obj (.data)
                  20005188    00000008     heap_1.obj (.data)

.stack     0    20004f48    00000200     UNINITIALIZED
                  20004f48    00000004     rtsv7M4_T_le_v4SPD16_eabi.lib : boot_cortex_m.c.obj (.stack)
                  20004f4c    000001fc     --HOLE--

MODULE SUMMARY

       Module                         code    ro data   rw data
       ------                         ----    -------   -------
    .\
       heap_1.obj                     156     0         20008  
       tasks.obj                      6940    0         260    
       queue.obj                      3320    0         80     
       tm4c123gh6pm_startup_ccs.obj   12      620       0      
       main.obj                       500     0         5      
       port.obj                       452     8         12     
       list.obj                       306     0         0      
       portasm.obj                    218     0         0      
       can0_init.obj                  92      0         0      
    +--+------------------------------+-------+---------+---------+
       Total:                         11996   628       20365  
                                                               
    C:/ti/TivaWare_C_Series-2.1.4.178/driverlib/ccs/Debug/driverlib.lib
       can.obj                        898     32        0      
       sysctl.obj                     574     108       0      
       gpio.obj                       438     144       0      
    +--+------------------------------+-------+---------+---------+
       Total:                         1910    284       0      
                                                               
    C:\ti\ccs901\ccs\tools\compiler\ti-cgt-arm_18.12.1.LTS\lib\rtsv7M4_T_le_v4SPD16_eabi.lib
       memcpy_t2.asm.obj              156     0         0      
       memset_t2.asm.obj              122     0         0      
       copy_decompress_lzss.c.obj     104     0         0      
       autoinit.c.obj                 68      0         0      
       boot_cortex_m.c.obj            52      0         0      
       copy_decompress_none.c.obj     14      0         0      
       copy_zero_init.c.obj           12      0         0      
       exit.c.obj                     4       0         0      
       pre_init.c.obj                 4       0         0      
    +--+------------------------------+-------+---------+---------+
       Total:                         536     0         0      
                                                               
       Stack:                         0       0         512    
       Linker Generated:              0       59        0      
    +--+------------------------------+-------+---------+---------+
       Grand Total:                   14442   971       20877  


LINKER GENERATED COPY TABLES

__TI_cinit_table @ 00003c38 records: 2, size/record: 8, table size: 16
	.data: load addr=00003c08, load size=00000017 bytes, run addr=20005148, run size=00000048 bytes, compression=lzss
	.bss: load addr=00003c30, load size=00000008 bytes, run addr=20000000, run size=00004f45 bytes, compression=zero_init


LINKER GENERATED HANDLER TABLE

__TI_handler_table @ 00003c20 records: 3, size/record: 4, table size: 12
	index: 0, handler: __TI_decompress_lzss
	index: 1, handler: __TI_decompress_none
	index: 2, handler: __TI_zero_init


GLOBAL SYMBOLS: SORTED ALPHABETICALLY BY Name 

address   name                               
-------   ----                               
00003add  C$$EXIT                            
00003779  CANBitRateSet                      
00003ac9  CANEnable                          
00003975  CANInit                            
000032e5  CANMessageGet                      
00002e39  CANMessageSet                      
00003935  CANStatusGet                       
00003a19  GPIODirModeSet                     
00002f6f  GPIOPadConfigSet                   
000038a9  GPIOPinConfigure                   
00003a91  GPIOPinTypeCAN                     
00003abd  ResetISR                           
000031d5  SysCtlClockGet                     
000033f5  SysCtlClockSet                     
00003ad3  SysCtlDelay                        
000039b1  SysCtlPeripheralEnable             
20005148  __STACK_END                        
00000200  __STACK_SIZE                       
20005148  __STACK_TOP                        
00003c38  __TI_CINIT_Base                    
00003c48  __TI_CINIT_Limit                   
00003c20  __TI_Handler_Table_Base            
00003c2c  __TI_Handler_Table_Limit           
000038f1  __TI_auto_init_nobinit_nopinit     
000037e5  __TI_decompress_lzss               
00003aa3  __TI_decompress_none               
ffffffff  __TI_pprof_out_hndl                
ffffffff  __TI_prof_data_size                
ffffffff  __TI_prof_data_start               
00000000  __TI_static_base__                 
00003ab1  __TI_zero_init                     
000036fd  __aeabi_memclr                     
000036fd  __aeabi_memclr4                    
000036fd  __aeabi_memclr8                    
00003661  __aeabi_memcpy                     
00003661  __aeabi_memcpy4                    
00003661  __aeabi_memcpy8                    
000036ff  __aeabi_memset                     
000036ff  __aeabi_memset4                    
000036ff  __aeabi_memset8                    
ffffffff  __binit__                          
ffffffff  __c_args__                         
UNDEFED   __mpu_init                         
20004f48  __stack                            
000039e5  _c_int00_noargs                    
UNDEFED   _system_post_cinit                 
00003ad9  _system_pre_init                   
00003add  abort                              
ffffffff  binit                              
0000384d  can0_init                          
00000605  eTaskGetState                      
00000000  g_pfnVectors                       
00002a81  initTask                           
00002b33  ledBlinkingTask                    
00002bc9  main                               
00003661  memcpy                             
00003705  memset                             
000029f5  pcQueueGetName                     
00000c0b  pcTaskGetName                      
000035c5  pvPortMalloc                       
00001879  pvTaskIncrementMutexHeldCount      
20005148  pxCurrentTCB                       
00002c75  pxPortInitialiseStack              
00002add  receiveTask                        
00002b71  sentTask                           
20004f44  state                              
0000274b  ucQueueGetQueueType                
00003bfc  ulMaxSyscallInterruptPriority      
000034f9  ulPortGetIPSR                      
00001899  ulTaskNotifyTake                   
0000318b  uxListRemove                       
0000272b  uxQueueGetQueueNumber              
000026c9  uxQueueMessagesWaiting             
000026ff  uxQueueMessagesWaitingFromISR      
000026df  uxQueueSpacesAvailable             
00000c05  uxTaskGetNumberOfTasks             
0000157d  uxTaskGetStackHighWaterMark        
00000d9d  uxTaskGetSystemState               
000012e7  uxTaskGetTaskNumber                
000006b1  uxTaskPriorityGet                  
000006e1  uxTaskPriorityGetFromISR           
0000184d  uxTaskResetEventItemValue          
000030a1  vListInitialise                    
000030d1  vListInitialiseItem                
0000311d  vListInsert                        
000030e1  vListInsertEnd                     
000035b5  vPortEnableVFP                     
00002d73  vPortEndScheduler                  
00002d75  vPortEnterCritical                 
00002d95  vPortExitCritical                  
00003635  vPortFree                          
0000363f  vPortInitialiseBlocks              
00003571  vPortSVCHandler                    
00002dd1  vPortSetupTimerInterrupt           
00003591  vPortStartFirstTask                
00002ded  vPortValidateInterruptPriority     
000029b3  vQueueAddToRegistry                
00002715  vQueueDelete                       
00002739  vQueueSetQueueNumber               
00002a35  vQueueUnregisterQueue              
000005c1  vTaskDelay                         
00000513  vTaskDelayUntil                    
00000483  vTaskDelete                        
00000a9f  vTaskEndScheduler                  
000013e9  vTaskGetInfo                       
00001219  vTaskInternalSetTimeOutState       
000012df  vTaskMissedYield                   
00001bcd  vTaskNotifyGiveFromISR             
000010a3  vTaskPlaceOnEventList              
000010c3  vTaskPlaceOnUnorderedEventList     
00001795  vTaskPriorityDisinheritAfterTimeout
00000731  vTaskPrioritySet                   
00001189  vTaskRemoveFromUnorderedEventList  
00000939  vTaskResume                        
00001307  vTaskSetTaskNumber                 
000011f1  vTaskSetTimeOutState               
00000a55  vTaskStartScheduler                
00000845  vTaskSuspend                       
00000abb  vTaskSuspendAll                    
0000101d  vTaskSwitchContext                 
00003647  xPortGetFreeHeapSize               
00003511  xPortPendSVHandler                 
00002cdf  xPortStartScheduler                
00002dab  xPortSysTickHandler                
00001f97  xQueueCreateCountingSemaphore      
00001ee7  xQueueCreateMutex                  
00001e29  xQueueGenericCreate                
00001d89  xQueueGenericReset                 
00001fb7  xQueueGenericSend                  
000020eb  xQueueGenericSendFromISR           
0000218b  xQueueGiveFromISR                  
00001f13  xQueueGiveMutexRecursive           
00002947  xQueueIsQueueEmptyFromISR          
0000298d  xQueueIsQueueFullFromISR           
000024ab  xQueuePeek                         
00002673  xQueuePeekFromISR                  
00002223  xQueueReceive                      
000025d5  xQueueReceiveFromISR               
20004e84  xQueueRegistry                     
00002349  xQueueSemaphoreTake                
00001f4f  xQueueTakeMutexRecursive           
20004f40  xSemaphore                         
00000e7d  xTaskAbortDelay                    
00001239  xTaskCheckForTimeOut               
0000026d  xTaskCreate                        
000019cb  xTaskGenericNotify                 
00001abd  xTaskGenericNotifyFromISR          
000015f5  xTaskGetCurrentTaskHandle          
00000d11  xTaskGetHandle                     
00000e6f  xTaskGetIdleTaskHandle             
00001621  xTaskGetSchedulerState             
00000bb9  xTaskGetTickCount                  
00000bd1  xTaskGetTickCountFromISR           
00000f09  xTaskIncrementTick                 
00001c81  xTaskNotifyStateClear              
00001921  xTaskNotifyWait                    
0000170f  xTaskPriorityDisinherit            
00001651  xTaskPriorityInherit               
000010f9  xTaskRemoveFromEventList           
00000ad1  xTaskResumeAll                     
000009b7  xTaskResumeFromISR                 


GLOBAL SYMBOLS: SORTED BY Symbol Address 

address   name                               
-------   ----                               
00000000  __TI_static_base__                 
00000000  g_pfnVectors                       
00000200  __STACK_SIZE                       
0000026d  xTaskCreate                        
00000483  vTaskDelete                        
00000513  vTaskDelayUntil                    
000005c1  vTaskDelay                         
00000605  eTaskGetState                      
000006b1  uxTaskPriorityGet                  
000006e1  uxTaskPriorityGetFromISR           
00000731  vTaskPrioritySet                   
00000845  vTaskSuspend                       
00000939  vTaskResume                        
000009b7  xTaskResumeFromISR                 
00000a55  vTaskStartScheduler                
00000a9f  vTaskEndScheduler                  
00000abb  vTaskSuspendAll                    
00000ad1  xTaskResumeAll                     
00000bb9  xTaskGetTickCount                  
00000bd1  xTaskGetTickCountFromISR           
00000c05  uxTaskGetNumberOfTasks             
00000c0b  pcTaskGetName                      
00000d11  xTaskGetHandle                     
00000d9d  uxTaskGetSystemState               
00000e6f  xTaskGetIdleTaskHandle             
00000e7d  xTaskAbortDelay                    
00000f09  xTaskIncrementTick                 
0000101d  vTaskSwitchContext                 
000010a3  vTaskPlaceOnEventList              
000010c3  vTaskPlaceOnUnorderedEventList     
000010f9  xTaskRemoveFromEventList           
00001189  vTaskRemoveFromUnorderedEventList  
000011f1  vTaskSetTimeOutState               
00001219  vTaskInternalSetTimeOutState       
00001239  xTaskCheckForTimeOut               
000012df  vTaskMissedYield                   
000012e7  uxTaskGetTaskNumber                
00001307  vTaskSetTaskNumber                 
000013e9  vTaskGetInfo                       
0000157d  uxTaskGetStackHighWaterMark        
000015f5  xTaskGetCurrentTaskHandle          
00001621  xTaskGetSchedulerState             
00001651  xTaskPriorityInherit               
0000170f  xTaskPriorityDisinherit            
00001795  vTaskPriorityDisinheritAfterTimeout
0000184d  uxTaskResetEventItemValue          
00001879  pvTaskIncrementMutexHeldCount      
00001899  ulTaskNotifyTake                   
00001921  xTaskNotifyWait                    
000019cb  xTaskGenericNotify                 
00001abd  xTaskGenericNotifyFromISR          
00001bcd  vTaskNotifyGiveFromISR             
00001c81  xTaskNotifyStateClear              
00001d89  xQueueGenericReset                 
00001e29  xQueueGenericCreate                
00001ee7  xQueueCreateMutex                  
00001f13  xQueueGiveMutexRecursive           
00001f4f  xQueueTakeMutexRecursive           
00001f97  xQueueCreateCountingSemaphore      
00001fb7  xQueueGenericSend                  
000020eb  xQueueGenericSendFromISR           
0000218b  xQueueGiveFromISR                  
00002223  xQueueReceive                      
00002349  xQueueSemaphoreTake                
000024ab  xQueuePeek                         
000025d5  xQueueReceiveFromISR               
00002673  xQueuePeekFromISR                  
000026c9  uxQueueMessagesWaiting             
000026df  uxQueueSpacesAvailable             
000026ff  uxQueueMessagesWaitingFromISR      
00002715  vQueueDelete                       
0000272b  uxQueueGetQueueNumber              
00002739  vQueueSetQueueNumber               
0000274b  ucQueueGetQueueType                
00002947  xQueueIsQueueEmptyFromISR          
0000298d  xQueueIsQueueFullFromISR           
000029b3  vQueueAddToRegistry                
000029f5  pcQueueGetName                     
00002a35  vQueueUnregisterQueue              
00002a81  initTask                           
00002add  receiveTask                        
00002b33  ledBlinkingTask                    
00002b71  sentTask                           
00002bc9  main                               
00002c75  pxPortInitialiseStack              
00002cdf  xPortStartScheduler                
00002d73  vPortEndScheduler                  
00002d75  vPortEnterCritical                 
00002d95  vPortExitCritical                  
00002dab  xPortSysTickHandler                
00002dd1  vPortSetupTimerInterrupt           
00002ded  vPortValidateInterruptPriority     
00002e39  CANMessageSet                      
00002f6f  GPIOPadConfigSet                   
000030a1  vListInitialise                    
000030d1  vListInitialiseItem                
000030e1  vListInsertEnd                     
0000311d  vListInsert                        
0000318b  uxListRemove                       
000031d5  SysCtlClockGet                     
000032e5  CANMessageGet                      
000033f5  SysCtlClockSet                     
000034f9  ulPortGetIPSR                      
00003511  xPortPendSVHandler                 
00003571  vPortSVCHandler                    
00003591  vPortStartFirstTask                
000035b5  vPortEnableVFP                     
000035c5  pvPortMalloc                       
00003635  vPortFree                          
0000363f  vPortInitialiseBlocks              
00003647  xPortGetFreeHeapSize               
00003661  __aeabi_memcpy                     
00003661  __aeabi_memcpy4                    
00003661  __aeabi_memcpy8                    
00003661  memcpy                             
000036fd  __aeabi_memclr                     
000036fd  __aeabi_memclr4                    
000036fd  __aeabi_memclr8                    
000036ff  __aeabi_memset                     
000036ff  __aeabi_memset4                    
000036ff  __aeabi_memset8                    
00003705  memset                             
00003779  CANBitRateSet                      
000037e5  __TI_decompress_lzss               
0000384d  can0_init                          
000038a9  GPIOPinConfigure                   
000038f1  __TI_auto_init_nobinit_nopinit     
00003935  CANStatusGet                       
00003975  CANInit                            
000039b1  SysCtlPeripheralEnable             
000039e5  _c_int00_noargs                    
00003a19  GPIODirModeSet                     
00003a91  GPIOPinTypeCAN                     
00003aa3  __TI_decompress_none               
00003ab1  __TI_zero_init                     
00003abd  ResetISR                           
00003ac9  CANEnable                          
00003ad3  SysCtlDelay                        
00003ad9  _system_pre_init                   
00003add  C$$EXIT                            
00003add  abort                              
00003bfc  ulMaxSyscallInterruptPriority      
00003c20  __TI_Handler_Table_Base            
00003c2c  __TI_Handler_Table_Limit           
00003c38  __TI_CINIT_Base                    
00003c48  __TI_CINIT_Limit                   
20004e84  xQueueRegistry                     
20004f40  xSemaphore                         
20004f44  state                              
20004f48  __stack                            
20005148  __STACK_END                        
20005148  __STACK_TOP                        
20005148  pxCurrentTCB                       
ffffffff  __TI_pprof_out_hndl                
ffffffff  __TI_prof_data_size                
ffffffff  __TI_prof_data_start               
ffffffff  __binit__                          
ffffffff  __c_args__                         
ffffffff  binit                              
UNDEFED   __mpu_init                         
UNDEFED   _system_post_cinit                 

[161 symbols]
