******************************************************************************
                  TI ARM Linker PC v18.12.1                    
******************************************************************************
>> Linked Thu Jul  4 13:50:34 2019

OUTPUT FILE NAME:   <Test.out>
ENTRY POINT SYMBOL: "_c_int00_noargs"  address: 0000388d


MEMORY CONFIGURATION

         name            origin    length      used     unused   attr    fill
----------------------  --------  ---------  --------  --------  ----  --------
  FLASH                 00000000   00040000  00003ac2  0003c53e  R  X
  SRAM                  20000000   00008000  0000518d  00002e73  RW X


SEGMENT ALLOCATION MAP

run origin  load origin   length   init length attrs members
----------  ----------- ---------- ----------- ----- -------
00000000    00000000    00003ac8   00003ac8    r-x
  00000000    00000000    0000026c   0000026c    r-- .intvecs
  0000026c    0000026c    000036f2   000036f2    r-x .text
  00003960    00003960    00000124   00000124    r-- .const
  00003a88    00003a88    00000040   00000040    r-- .cinit
20000000    20000000    00005190   00000000    rw-
  20000000    20000000    00004f45   00000000    rw- .bss
  20004f48    20004f48    00000200   00000000    rw- .stack
  20005148    20005148    00000048   00000000    rw- .data


SECTION ALLOCATION MAP

 output                                  attributes/
section   page    origin      length       input sections
--------  ----  ----------  ----------   ----------------
.intvecs   0    00000000    0000026c     
                  00000000    0000026c     tm4c123gh6pm_startup_ccs.obj (.intvecs)

.text      0    0000026c    000036f2     
                  0000026c    00001b1c     tasks.obj (.text)
                  00001d88    00000cf8     queue.obj (.text)
                  00002a80    000001c4     port.obj (.text)
                  00002c44    000001ac     main.obj (.text)
                  00002df0    00000136     driverlib.lib : can.obj (.text:CANMessageSet)
                  00002f26    00000132                   : gpio.obj (.text:GPIOPadConfigSet)
                  00003058    00000132     list.obj (.text)
                  0000318a    00000002     --HOLE-- [fill = 0]
                  0000318c    00000110     driverlib.lib : sysctl.obj (.text:SysCtlClockGet)
                  0000329c    000000f4                   : sysctl.obj (.text:SysCtlClockSet)
                  00003390    000000da     portasm.obj (.text)
                  0000346a    00000002     --HOLE-- [fill = 0]
                  0000346c    0000009c     heap_1.obj (.text)
                  00003508    0000009c     rtsv7M4_T_le_v4SPD16_eabi.lib : memcpy_t2.asm.obj (.text)
                  000035a4    0000007a                                   : memset_t2.asm.obj (.text)
                  0000361e    00000002     --HOLE-- [fill = 0]
                  00003620    0000006c     driverlib.lib : can.obj (.text:CANBitRateSet)
                  0000368c    00000068     rtsv7M4_T_le_v4SPD16_eabi.lib : copy_decompress_lzss.c.obj (.text:decompress:lzss:__TI_decompress_lzss)
                  000036f4    0000005c     can0_init.obj (.text)
                  00003750    00000048     driverlib.lib : gpio.obj (.text:GPIOPinConfigure)
                  00003798    00000044     rtsv7M4_T_le_v4SPD16_eabi.lib : autoinit.c.obj (.text:__TI_auto_init_nobinit_nopinit:__TI_auto_init_nobinit_nopinit)
                  000037dc    00000040     driverlib.lib : can.obj (.text:CANStatusGet)
                  0000381c    0000003a                   : can.obj (.text:CANInit)
                  00003856    00000002     --HOLE-- [fill = 0]
                  00003858    00000034                   : sysctl.obj (.text:SysCtlPeripheralEnable)
                  0000388c    00000034     rtsv7M4_T_le_v4SPD16_eabi.lib : boot_cortex_m.c.obj (.text:_c_int00_noargs:_c_int00_noargs)
                  000038c0    0000002a     driverlib.lib : gpio.obj (.text:GPIODirModeSet)
                  000038ea    00000024                   : can.obj (.text:_CANDataRegWrite)
                  0000390e    00000012                   : gpio.obj (.text:GPIOPinTypeCAN)
                  00003920    0000000e     rtsv7M4_T_le_v4SPD16_eabi.lib : copy_decompress_none.c.obj (.text:decompress:none:__TI_decompress_none)
                  0000392e    0000000c                                   : copy_zero_init.c.obj (.text:decompress:ZI:__TI_zero_init)
                  0000393a    0000000c     tm4c123gh6pm_startup_ccs.obj (.text)
                  00003946    0000000a     driverlib.lib : can.obj (.text:CANEnable)
                  00003950    00000006                   : sysctl.obj (.text:SysCtlDelay)
                  00003956    00000004     rtsv7M4_T_le_v4SPD16_eabi.lib : pre_init.c.obj (.text:_system_pre_init)
                  0000395a    00000004                                   : exit.c.obj (.text:abort:abort)

.const     0    00003960    00000124     
                  00003960    00000090     driverlib.lib : gpio.obj (.const:g_pui32GPIOBaseAddrs)
                  000039f0    0000006c                   : sysctl.obj (.const:g_pui32Xtals)
                  00003a5c    00000020                   : can.obj (.const)
                  00003a7c    00000008     port.obj (.const)

.cinit     0    00003a88    00000040     
                  00003a88    00000017     (.cinit..data.load) [load image, compression = lzss]
                  00003a9f    00000001     --HOLE-- [fill = 0]
                  00003aa0    0000000c     (__TI_handler_table)
                  00003aac    00000004     --HOLE-- [fill = 0]
                  00003ab0    00000008     (.cinit..bss.load) [load image, compression = zero_init]
                  00003ab8    00000010     (__TI_cinit_table)

.init_array 
*          0    00000000    00000000     UNINITIALIZED

.bss       0    20000000    00004f45     UNINITIALIZED
                  20000000    00004e20     heap_1.obj (.bss:ucHeap)
                  20004e20    00000064     tasks.obj (.bss:pxReadyTasksLists)
                  20004e84    00000050     (.common:xQueueRegistry)
                  20004ed4    00000014     tasks.obj (.bss:xDelayedTaskList1)
                  20004ee8    00000014     tasks.obj (.bss:xDelayedTaskList2)
                  20004efc    00000014     tasks.obj (.bss:xPendingReadyList)
                  20004f10    00000014     tasks.obj (.bss:xSuspendedTaskList)
                  20004f24    00000014     tasks.obj (.bss:xTasksWaitingTermination)
                  20004f38    00000008     tasks.obj (.bss)
                  20004f40    00000004     (.common:xSemaphore)
                  20004f44    00000001     (.common:state)

.data      0    20005148    00000048     UNINITIALIZED
                  20005148    00000034     tasks.obj (.data)
                  2000517c    0000000c     port.obj (.data)
                  20005188    00000008     heap_1.obj (.data)

.stack     0    20004f48    00000200     UNINITIALIZED
                  20004f48    00000004     rtsv7M4_T_le_v4SPD16_eabi.lib : boot_cortex_m.c.obj (.stack)
                  20004f4c    000001fc     --HOLE--

MODULE SUMMARY

       Module                         code    ro data   rw data
       ------                         ----    -------   -------
    .\
       heap_1.obj                     156     0         20008  
       tasks.obj                      6940    0         260    
       queue.obj                      3320    0         80     
       tm4c123gh6pm_startup_ccs.obj   12      620       0      
       port.obj                       452     8         12     
       main.obj                       428     0         5      
       list.obj                       306     0         0      
       portasm.obj                    218     0         0      
       can0_init.obj                  92      0         0      
    +--+------------------------------+-------+---------+---------+
       Total:                         11924   628       20365  
                                                               
    C:/ti/TivaWare_C_Series-2.1.4.178/driverlib/ccs/Debug/driverlib.lib
       sysctl.obj                     574     108       0      
       can.obj                        586     32        0      
       gpio.obj                       438     144       0      
    +--+------------------------------+-------+---------+---------+
       Total:                         1598    284       0      
                                                               
    C:\ti\ccs901\ccs\tools\compiler\ti-cgt-arm_18.12.1.LTS\lib\rtsv7M4_T_le_v4SPD16_eabi.lib
       memcpy_t2.asm.obj              156     0         0      
       memset_t2.asm.obj              122     0         0      
       copy_decompress_lzss.c.obj     104     0         0      
       autoinit.c.obj                 68      0         0      
       boot_cortex_m.c.obj            52      0         0      
       copy_decompress_none.c.obj     14      0         0      
       copy_zero_init.c.obj           12      0         0      
       exit.c.obj                     4       0         0      
       pre_init.c.obj                 4       0         0      
    +--+------------------------------+-------+---------+---------+
       Total:                         536     0         0      
                                                               
       Stack:                         0       0         512    
       Linker Generated:              0       59        0      
    +--+------------------------------+-------+---------+---------+
       Grand Total:                   14058   971       20877  


LINKER GENERATED COPY TABLES

__TI_cinit_table @ 00003ab8 records: 2, size/record: 8, table size: 16
	.data: load addr=00003a88, load size=00000017 bytes, run addr=20005148, run size=00000048 bytes, compression=lzss
	.bss: load addr=00003ab0, load size=00000008 bytes, run addr=20000000, run size=00004f45 bytes, compression=zero_init


LINKER GENERATED HANDLER TABLE

__TI_handler_table @ 00003aa0 records: 3, size/record: 4, table size: 12
	index: 0, handler: __TI_decompress_lzss
	index: 1, handler: __TI_decompress_none
	index: 2, handler: __TI_zero_init


GLOBAL SYMBOLS: SORTED ALPHABETICALLY BY Name 

address   name                               
-------   ----                               
0000395b  C$$EXIT                            
00003621  CANBitRateSet                      
00003947  CANEnable                          
0000381d  CANInit                            
00002df1  CANMessageSet                      
000037dd  CANStatusGet                       
000038c1  GPIODirModeSet                     
00002f27  GPIOPadConfigSet                   
00003751  GPIOPinConfigure                   
0000390f  GPIOPinTypeCAN                     
0000393b  ResetISR                           
0000318d  SysCtlClockGet                     
0000329d  SysCtlClockSet                     
00003951  SysCtlDelay                        
00003859  SysCtlPeripheralEnable             
20005148  __STACK_END                        
00000200  __STACK_SIZE                       
20005148  __STACK_TOP                        
00003ab8  __TI_CINIT_Base                    
00003ac8  __TI_CINIT_Limit                   
00003aa0  __TI_Handler_Table_Base            
00003aac  __TI_Handler_Table_Limit           
00003799  __TI_auto_init_nobinit_nopinit     
0000368d  __TI_decompress_lzss               
00003921  __TI_decompress_none               
ffffffff  __TI_pprof_out_hndl                
ffffffff  __TI_prof_data_size                
ffffffff  __TI_prof_data_start               
00000000  __TI_static_base__                 
0000392f  __TI_zero_init                     
000035a5  __aeabi_memclr                     
000035a5  __aeabi_memclr4                    
000035a5  __aeabi_memclr8                    
00003509  __aeabi_memcpy                     
00003509  __aeabi_memcpy4                    
00003509  __aeabi_memcpy8                    
000035a7  __aeabi_memset                     
000035a7  __aeabi_memset4                    
000035a7  __aeabi_memset8                    
ffffffff  __binit__                          
ffffffff  __c_args__                         
UNDEFED   __mpu_init                         
20004f48  __stack                            
0000388d  _c_int00_noargs                    
UNDEFED   _system_post_cinit                 
00003957  _system_pre_init                   
0000395b  abort                              
ffffffff  binit                              
000036f5  can0_init                          
00000605  eTaskGetState                      
00000000  g_pfnVectors                       
00002c45  initTask                           
00002cb1  ledBlinkingTask                    
00002d4b  main                               
00003509  memcpy                             
000035ad  memset                             
000029f5  pcQueueGetName                     
00000c0b  pcTaskGetName                      
0000346d  pvPortMalloc                       
00001879  pvTaskIncrementMutexHeldCount      
20005148  pxCurrentTCB                       
00002a81  pxPortInitialiseStack              
00002ca1  receiveTask                        
00002cf3  sentTask                           
20004f44  state                              
0000274b  ucQueueGetQueueType                
00003a7c  ulMaxSyscallInterruptPriority      
000033a1  ulPortGetIPSR                      
00001899  ulTaskNotifyTake                   
00003143  uxListRemove                       
0000272b  uxQueueGetQueueNumber              
000026c9  uxQueueMessagesWaiting             
000026ff  uxQueueMessagesWaitingFromISR      
000026df  uxQueueSpacesAvailable             
00000c05  uxTaskGetNumberOfTasks             
0000157d  uxTaskGetStackHighWaterMark        
00000d9d  uxTaskGetSystemState               
000012e7  uxTaskGetTaskNumber                
000006b1  uxTaskPriorityGet                  
000006e1  uxTaskPriorityGetFromISR           
0000184d  uxTaskResetEventItemValue          
00003059  vListInitialise                    
00003089  vListInitialiseItem                
000030d5  vListInsert                        
00003099  vListInsertEnd                     
0000345d  vPortEnableVFP                     
00002b7f  vPortEndScheduler                  
00002b81  vPortEnterCritical                 
00002ba1  vPortExitCritical                  
000034dd  vPortFree                          
000034e7  vPortInitialiseBlocks              
00003419  vPortSVCHandler                    
00002bdd  vPortSetupTimerInterrupt           
00003439  vPortStartFirstTask                
00002bf9  vPortValidateInterruptPriority     
000029b3  vQueueAddToRegistry                
00002715  vQueueDelete                       
00002739  vQueueSetQueueNumber               
00002a35  vQueueUnregisterQueue              
000005c1  vTaskDelay                         
00000513  vTaskDelayUntil                    
00000483  vTaskDelete                        
00000a9f  vTaskEndScheduler                  
000013e9  vTaskGetInfo                       
00001219  vTaskInternalSetTimeOutState       
000012df  vTaskMissedYield                   
00001bcd  vTaskNotifyGiveFromISR             
000010a3  vTaskPlaceOnEventList              
000010c3  vTaskPlaceOnUnorderedEventList     
00001795  vTaskPriorityDisinheritAfterTimeout
00000731  vTaskPrioritySet                   
00001189  vTaskRemoveFromUnorderedEventList  
00000939  vTaskResume                        
00001307  vTaskSetTaskNumber                 
000011f1  vTaskSetTimeOutState               
00000a55  vTaskStartScheduler                
00000845  vTaskSuspend                       
00000abb  vTaskSuspendAll                    
0000101d  vTaskSwitchContext                 
000034ef  xPortGetFreeHeapSize               
000033b9  xPortPendSVHandler                 
00002aeb  xPortStartScheduler                
00002bb7  xPortSysTickHandler                
00001f97  xQueueCreateCountingSemaphore      
00001ee7  xQueueCreateMutex                  
00001e29  xQueueGenericCreate                
00001d89  xQueueGenericReset                 
00001fb7  xQueueGenericSend                  
000020eb  xQueueGenericSendFromISR           
0000218b  xQueueGiveFromISR                  
00001f13  xQueueGiveMutexRecursive           
00002947  xQueueIsQueueEmptyFromISR          
0000298d  xQueueIsQueueFullFromISR           
000024ab  xQueuePeek                         
00002673  xQueuePeekFromISR                  
00002223  xQueueReceive                      
000025d5  xQueueReceiveFromISR               
20004e84  xQueueRegistry                     
00002349  xQueueSemaphoreTake                
00001f4f  xQueueTakeMutexRecursive           
20004f40  xSemaphore                         
00000e7d  xTaskAbortDelay                    
00001239  xTaskCheckForTimeOut               
0000026d  xTaskCreate                        
000019cb  xTaskGenericNotify                 
00001abd  xTaskGenericNotifyFromISR          
000015f5  xTaskGetCurrentTaskHandle          
00000d11  xTaskGetHandle                     
00000e6f  xTaskGetIdleTaskHandle             
00001621  xTaskGetSchedulerState             
00000bb9  xTaskGetTickCount                  
00000bd1  xTaskGetTickCountFromISR           
00000f09  xTaskIncrementTick                 
00001c81  xTaskNotifyStateClear              
00001921  xTaskNotifyWait                    
0000170f  xTaskPriorityDisinherit            
00001651  xTaskPriorityInherit               
000010f9  xTaskRemoveFromEventList           
00000ad1  xTaskResumeAll                     
000009b7  xTaskResumeFromISR                 


GLOBAL SYMBOLS: SORTED BY Symbol Address 

address   name                               
-------   ----                               
00000000  __TI_static_base__                 
00000000  g_pfnVectors                       
00000200  __STACK_SIZE                       
0000026d  xTaskCreate                        
00000483  vTaskDelete                        
00000513  vTaskDelayUntil                    
000005c1  vTaskDelay                         
00000605  eTaskGetState                      
000006b1  uxTaskPriorityGet                  
000006e1  uxTaskPriorityGetFromISR           
00000731  vTaskPrioritySet                   
00000845  vTaskSuspend                       
00000939  vTaskResume                        
000009b7  xTaskResumeFromISR                 
00000a55  vTaskStartScheduler                
00000a9f  vTaskEndScheduler                  
00000abb  vTaskSuspendAll                    
00000ad1  xTaskResumeAll                     
00000bb9  xTaskGetTickCount                  
00000bd1  xTaskGetTickCountFromISR           
00000c05  uxTaskGetNumberOfTasks             
00000c0b  pcTaskGetName                      
00000d11  xTaskGetHandle                     
00000d9d  uxTaskGetSystemState               
00000e6f  xTaskGetIdleTaskHandle             
00000e7d  xTaskAbortDelay                    
00000f09  xTaskIncrementTick                 
0000101d  vTaskSwitchContext                 
000010a3  vTaskPlaceOnEventList              
000010c3  vTaskPlaceOnUnorderedEventList     
000010f9  xTaskRemoveFromEventList           
00001189  vTaskRemoveFromUnorderedEventList  
000011f1  vTaskSetTimeOutState               
00001219  vTaskInternalSetTimeOutState       
00001239  xTaskCheckForTimeOut               
000012df  vTaskMissedYield                   
000012e7  uxTaskGetTaskNumber                
00001307  vTaskSetTaskNumber                 
000013e9  vTaskGetInfo                       
0000157d  uxTaskGetStackHighWaterMark        
000015f5  xTaskGetCurrentTaskHandle          
00001621  xTaskGetSchedulerState             
00001651  xTaskPriorityInherit               
0000170f  xTaskPriorityDisinherit            
00001795  vTaskPriorityDisinheritAfterTimeout
0000184d  uxTaskResetEventItemValue          
00001879  pvTaskIncrementMutexHeldCount      
00001899  ulTaskNotifyTake                   
00001921  xTaskNotifyWait                    
000019cb  xTaskGenericNotify                 
00001abd  xTaskGenericNotifyFromISR          
00001bcd  vTaskNotifyGiveFromISR             
00001c81  xTaskNotifyStateClear              
00001d89  xQueueGenericReset                 
00001e29  xQueueGenericCreate                
00001ee7  xQueueCreateMutex                  
00001f13  xQueueGiveMutexRecursive           
00001f4f  xQueueTakeMutexRecursive           
00001f97  xQueueCreateCountingSemaphore      
00001fb7  xQueueGenericSend                  
000020eb  xQueueGenericSendFromISR           
0000218b  xQueueGiveFromISR                  
00002223  xQueueReceive                      
00002349  xQueueSemaphoreTake                
000024ab  xQueuePeek                         
000025d5  xQueueReceiveFromISR               
00002673  xQueuePeekFromISR                  
000026c9  uxQueueMessagesWaiting             
000026df  uxQueueSpacesAvailable             
000026ff  uxQueueMessagesWaitingFromISR      
00002715  vQueueDelete                       
0000272b  uxQueueGetQueueNumber              
00002739  vQueueSetQueueNumber               
0000274b  ucQueueGetQueueType                
00002947  xQueueIsQueueEmptyFromISR          
0000298d  xQueueIsQueueFullFromISR           
000029b3  vQueueAddToRegistry                
000029f5  pcQueueGetName                     
00002a35  vQueueUnregisterQueue              
00002a81  pxPortInitialiseStack              
00002aeb  xPortStartScheduler                
00002b7f  vPortEndScheduler                  
00002b81  vPortEnterCritical                 
00002ba1  vPortExitCritical                  
00002bb7  xPortSysTickHandler                
00002bdd  vPortSetupTimerInterrupt           
00002bf9  vPortValidateInterruptPriority     
00002c45  initTask                           
00002ca1  receiveTask                        
00002cb1  ledBlinkingTask                    
00002cf3  sentTask                           
00002d4b  main                               
00002df1  CANMessageSet                      
00002f27  GPIOPadConfigSet                   
00003059  vListInitialise                    
00003089  vListInitialiseItem                
00003099  vListInsertEnd                     
000030d5  vListInsert                        
00003143  uxListRemove                       
0000318d  SysCtlClockGet                     
0000329d  SysCtlClockSet                     
000033a1  ulPortGetIPSR                      
000033b9  xPortPendSVHandler                 
00003419  vPortSVCHandler                    
00003439  vPortStartFirstTask                
0000345d  vPortEnableVFP                     
0000346d  pvPortMalloc                       
000034dd  vPortFree                          
000034e7  vPortInitialiseBlocks              
000034ef  xPortGetFreeHeapSize               
00003509  __aeabi_memcpy                     
00003509  __aeabi_memcpy4                    
00003509  __aeabi_memcpy8                    
00003509  memcpy                             
000035a5  __aeabi_memclr                     
000035a5  __aeabi_memclr4                    
000035a5  __aeabi_memclr8                    
000035a7  __aeabi_memset                     
000035a7  __aeabi_memset4                    
000035a7  __aeabi_memset8                    
000035ad  memset                             
00003621  CANBitRateSet                      
0000368d  __TI_decompress_lzss               
000036f5  can0_init                          
00003751  GPIOPinConfigure                   
00003799  __TI_auto_init_nobinit_nopinit     
000037dd  CANStatusGet                       
0000381d  CANInit                            
00003859  SysCtlPeripheralEnable             
0000388d  _c_int00_noargs                    
000038c1  GPIODirModeSet                     
0000390f  GPIOPinTypeCAN                     
00003921  __TI_decompress_none               
0000392f  __TI_zero_init                     
0000393b  ResetISR                           
00003947  CANEnable                          
00003951  SysCtlDelay                        
00003957  _system_pre_init                   
0000395b  C$$EXIT                            
0000395b  abort                              
00003a7c  ulMaxSyscallInterruptPriority      
00003aa0  __TI_Handler_Table_Base            
00003aac  __TI_Handler_Table_Limit           
00003ab8  __TI_CINIT_Base                    
00003ac8  __TI_CINIT_Limit                   
20004e84  xQueueRegistry                     
20004f40  xSemaphore                         
20004f44  state                              
20004f48  __stack                            
20005148  __STACK_END                        
20005148  __STACK_TOP                        
20005148  pxCurrentTCB                       
ffffffff  __TI_pprof_out_hndl                
ffffffff  __TI_prof_data_size                
ffffffff  __TI_prof_data_start               
ffffffff  __binit__                          
ffffffff  __c_args__                         
ffffffff  binit                              
UNDEFED   __mpu_init                         
UNDEFED   _system_post_cinit                 

[160 symbols]
