<?xml version="1.0" encoding="ISO-8859-1" ?>
<link_info>
   <banner>TI ARM Linker PC v18.12.1.LTS</banner>
   <copyright>Copyright (c) 1996-2018 Texas Instruments Incorporated</copyright>
   <link_time>0x5d235da1</link_time>
   <link_errors>0x0</link_errors>
   <output_file>CAN Node 1.out</output_file>
   <entry_point>
      <name>_c_int00_noargs</name>
      <address>0x3a19</address>
   </entry_point>
   <input_file_list>
      <input_file id="fl-2">
         <path>.\</path>
         <kind>object</kind>
         <file>can0_init.obj</file>
         <name>can0_init.obj</name>
      </input_file>
      <input_file id="fl-3">
         <path>.\</path>
         <kind>object</kind>
         <file>croutine.obj</file>
         <name>croutine.obj</name>
      </input_file>
      <input_file id="fl-4">
         <path>.\</path>
         <kind>object</kind>
         <file>event_groups.obj</file>
         <name>event_groups.obj</name>
      </input_file>
      <input_file id="fl-5">
         <path>.\</path>
         <kind>object</kind>
         <file>heap_1.obj</file>
         <name>heap_1.obj</name>
      </input_file>
      <input_file id="fl-6">
         <path>.\</path>
         <kind>object</kind>
         <file>list.obj</file>
         <name>list.obj</name>
      </input_file>
      <input_file id="fl-7">
         <path>.\</path>
         <kind>object</kind>
         <file>main.obj</file>
         <name>main.obj</name>
      </input_file>
      <input_file id="fl-8">
         <path>.\</path>
         <kind>object</kind>
         <file>port.obj</file>
         <name>port.obj</name>
      </input_file>
      <input_file id="fl-9">
         <path>.\</path>
         <kind>object</kind>
         <file>portasm.obj</file>
         <name>portasm.obj</name>
      </input_file>
      <input_file id="fl-a">
         <path>.\</path>
         <kind>object</kind>
         <file>queue.obj</file>
         <name>queue.obj</name>
      </input_file>
      <input_file id="fl-b">
         <path>.\</path>
         <kind>object</kind>
         <file>stream_buffer.obj</file>
         <name>stream_buffer.obj</name>
      </input_file>
      <input_file id="fl-c">
         <path>.\</path>
         <kind>object</kind>
         <file>tasks.obj</file>
         <name>tasks.obj</name>
      </input_file>
      <input_file id="fl-d">
         <path>.\</path>
         <kind>object</kind>
         <file>timers.obj</file>
         <name>timers.obj</name>
      </input_file>
      <input_file id="fl-e">
         <path>.\</path>
         <kind>object</kind>
         <file>tm4c123gh6pm_startup_ccs.obj</file>
         <name>tm4c123gh6pm_startup_ccs.obj</name>
      </input_file>
      <input_file id="fl-13">
         <kind>object</kind>
         <file>&lt;internal&gt;</file>
         <name>&lt;internal&gt;</name>
      </input_file>
      <input_file id="fl-c9">
         <path>C:\ti\ccs901\ccs\tools\compiler\ti-cgt-arm_18.12.1.LTS\lib\</path>
         <kind>archive</kind>
         <file>rtsv7M4_T_le_v4SPD16_eabi.lib</file>
         <name>memcpy_t2.asm.obj</name>
      </input_file>
      <input_file id="fl-ca">
         <path>C:\ti\ccs901\ccs\tools\compiler\ti-cgt-arm_18.12.1.LTS\lib\</path>
         <kind>archive</kind>
         <file>rtsv7M4_T_le_v4SPD16_eabi.lib</file>
         <name>memset_t2.asm.obj</name>
      </input_file>
      <input_file id="fl-cb">
         <path>C:\ti\ccs901\ccs\tools\compiler\ti-cgt-arm_18.12.1.LTS\lib\</path>
         <kind>archive</kind>
         <file>rtsv7M4_T_le_v4SPD16_eabi.lib</file>
         <name>copy_zero_init.c.obj</name>
      </input_file>
      <input_file id="fl-cc">
         <path>C:\ti\ccs901\ccs\tools\compiler\ti-cgt-arm_18.12.1.LTS\lib\</path>
         <kind>archive</kind>
         <file>rtsv7M4_T_le_v4SPD16_eabi.lib</file>
         <name>copy_decompress_none.c.obj</name>
      </input_file>
      <input_file id="fl-cd">
         <path>C:\ti\ccs901\ccs\tools\compiler\ti-cgt-arm_18.12.1.LTS\lib\</path>
         <kind>archive</kind>
         <file>rtsv7M4_T_le_v4SPD16_eabi.lib</file>
         <name>copy_decompress_lzss.c.obj</name>
      </input_file>
      <input_file id="fl-ce">
         <path>C:\ti\ccs901\ccs\tools\compiler\ti-cgt-arm_18.12.1.LTS\lib\</path>
         <kind>archive</kind>
         <file>rtsv7M4_T_le_v4SPD16_eabi.lib</file>
         <name>boot_cortex_m.c.obj</name>
      </input_file>
      <input_file id="fl-cf">
         <path>C:\ti\ccs901\ccs\tools\compiler\ti-cgt-arm_18.12.1.LTS\lib\</path>
         <kind>archive</kind>
         <file>rtsv7M4_T_le_v4SPD16_eabi.lib</file>
         <name>autoinit.c.obj</name>
      </input_file>
      <input_file id="fl-d0">
         <path>C:\ti\ccs901\ccs\tools\compiler\ti-cgt-arm_18.12.1.LTS\lib\</path>
         <kind>archive</kind>
         <file>rtsv7M4_T_le_v4SPD16_eabi.lib</file>
         <name>pre_init.c.obj</name>
      </input_file>
      <input_file id="fl-d1">
         <path>C:\ti\ccs901\ccs\tools\compiler\ti-cgt-arm_18.12.1.LTS\lib\</path>
         <kind>archive</kind>
         <file>rtsv7M4_T_le_v4SPD16_eabi.lib</file>
         <name>cpy_tbl.c.obj</name>
      </input_file>
      <input_file id="fl-d2">
         <path>C:\ti\ccs901\ccs\tools\compiler\ti-cgt-arm_18.12.1.LTS\lib\</path>
         <kind>archive</kind>
         <file>rtsv7M4_T_le_v4SPD16_eabi.lib</file>
         <name>exit.c.obj</name>
      </input_file>
      <input_file id="fl-d3">
         <path>C:\ti\ccs901\ccs\tools\compiler\ti-cgt-arm_18.12.1.LTS\lib\</path>
         <kind>archive</kind>
         <file>rtsv7M4_T_le_v4SPD16_eabi.lib</file>
         <name>_lock.c.obj</name>
      </input_file>
      <input_file id="fl-d4">
         <path>C:\ti\ccs901\ccs\tools\compiler\ti-cgt-arm_18.12.1.LTS\lib\</path>
         <kind>archive</kind>
         <file>rtsv7M4_T_le_v4SPD16_eabi.lib</file>
         <name>args_main.c.obj</name>
      </input_file>
      <input_file id="fl-d5">
         <path>C:\ti\TivaWare_C_Series-2.1.4.178\driverlib\ccs\Debug\</path>
         <kind>archive</kind>
         <file>driverlib.lib</file>
         <name>can.obj</name>
      </input_file>
      <input_file id="fl-d6">
         <path>C:\ti\TivaWare_C_Series-2.1.4.178\driverlib\ccs\Debug\</path>
         <kind>archive</kind>
         <file>driverlib.lib</file>
         <name>gpio.obj</name>
      </input_file>
      <input_file id="fl-d7">
         <path>C:\ti\TivaWare_C_Series-2.1.4.178\driverlib\ccs\Debug\</path>
         <kind>archive</kind>
         <file>driverlib.lib</file>
         <name>interrupt.obj</name>
      </input_file>
      <input_file id="fl-d8">
         <path>C:\ti\TivaWare_C_Series-2.1.4.178\driverlib\ccs\Debug\</path>
         <kind>archive</kind>
         <file>driverlib.lib</file>
         <name>sysctl.obj</name>
      </input_file>
      <input_file id="fl-d9">
         <path>C:\ti\TivaWare_C_Series-2.1.4.178\driverlib\ccs\Debug\</path>
         <kind>archive</kind>
         <file>driverlib.lib</file>
         <name>cpu.obj</name>
      </input_file>
   </input_file_list>
   <object_component_list>
      <object_component id="oc-f">
         <name>.intvecs</name>
         <load_address>0x0</load_address>
         <run_address>0x0</run_address>
         <size>0x26c</size>
         <input_file_ref idref="fl-e"/>
      </object_component>
      <object_component id="oc-7c">
         <name>.text</name>
         <load_address>0x26c</load_address>
         <run_address>0x26c</run_address>
         <size>0x1b1c</size>
         <input_file_ref idref="fl-c"/>
      </object_component>
      <object_component id="oc-131">
         <name>.text</name>
         <load_address>0x1d88</load_address>
         <run_address>0x1d88</run_address>
         <size>0xcf8</size>
         <input_file_ref idref="fl-a"/>
      </object_component>
      <object_component id="oc-bf">
         <name>.text</name>
         <load_address>0x2a80</load_address>
         <run_address>0x2a80</run_address>
         <size>0x21c</size>
         <input_file_ref idref="fl-7"/>
      </object_component>
      <object_component id="oc-2f">
         <name>.text</name>
         <load_address>0x2c9c</load_address>
         <run_address>0x2c9c</run_address>
         <size>0x1c4</size>
         <input_file_ref idref="fl-8"/>
      </object_component>
      <object_component id="oc-13d">
         <name>.text:CANMessageSet</name>
         <load_address>0x2e60</load_address>
         <run_address>0x2e60</run_address>
         <size>0x136</size>
         <input_file_ref idref="fl-d5"/>
      </object_component>
      <object_component id="oc-269">
         <name>.text:GPIOPadConfigSet</name>
         <load_address>0x2f96</load_address>
         <run_address>0x2f96</run_address>
         <size>0x132</size>
         <input_file_ref idref="fl-d6"/>
      </object_component>
      <object_component id="oc-e1">
         <name>.text</name>
         <load_address>0x30c8</load_address>
         <run_address>0x30c8</run_address>
         <size>0x132</size>
         <input_file_ref idref="fl-6"/>
      </object_component>
      <object_component id="oc-1f7">
         <name>.text:SysCtlClockGet</name>
         <load_address>0x31fc</load_address>
         <run_address>0x31fc</run_address>
         <size>0x110</size>
         <input_file_ref idref="fl-d8"/>
      </object_component>
      <object_component id="oc-143">
         <name>.text:CANMessageGet</name>
         <load_address>0x330c</load_address>
         <run_address>0x330c</run_address>
         <size>0x10e</size>
         <input_file_ref idref="fl-d5"/>
      </object_component>
      <object_component id="oc-14a">
         <name>.text:SysCtlClockSet</name>
         <load_address>0x341c</load_address>
         <run_address>0x341c</run_address>
         <size>0xf4</size>
         <input_file_ref idref="fl-d8"/>
      </object_component>
      <object_component id="oc-2a">
         <name>.text</name>
         <load_address>0x3510</load_address>
         <run_address>0x3510</run_address>
         <size>0xda</size>
         <input_file_ref idref="fl-9"/>
      </object_component>
      <object_component id="oc-db">
         <name>.text</name>
         <load_address>0x35ec</load_address>
         <run_address>0x35ec</run_address>
         <size>0x9c</size>
         <input_file_ref idref="fl-5"/>
      </object_component>
      <object_component id="oc-43">
         <name>.text</name>
         <load_address>0x3688</load_address>
         <run_address>0x3688</run_address>
         <size>0x9c</size>
         <input_file_ref idref="fl-c9"/>
      </object_component>
      <object_component id="oc-b3">
         <name>.text</name>
         <load_address>0x3724</load_address>
         <run_address>0x3724</run_address>
         <size>0x7a</size>
         <input_file_ref idref="fl-ca"/>
      </object_component>
      <object_component id="oc-137">
         <name>.text</name>
         <load_address>0x37a0</load_address>
         <run_address>0x37a0</run_address>
         <size>0x70</size>
         <input_file_ref idref="fl-2"/>
      </object_component>
      <object_component id="oc-1fd">
         <name>.text:CANBitRateSet</name>
         <load_address>0x3810</load_address>
         <run_address>0x3810</run_address>
         <size>0x6c</size>
         <input_file_ref idref="fl-d5"/>
      </object_component>
      <object_component id="oc-12">
         <name>.text:decompress:lzss:__TI_decompress_lzss</name>
         <load_address>0x387c</load_address>
         <run_address>0x387c</run_address>
         <size>0x68</size>
         <input_file_ref idref="fl-cd"/>
      </object_component>
      <object_component id="oc-1eb">
         <name>.text:GPIOPinConfigure</name>
         <load_address>0x38e4</load_address>
         <run_address>0x38e4</run_address>
         <size>0x48</size>
         <input_file_ref idref="fl-d6"/>
      </object_component>
      <object_component id="oc-167">
         <name>.text:__TI_auto_init_nobinit_nopinit:__TI_auto_init_nobinit_nopinit</name>
         <load_address>0x392c</load_address>
         <run_address>0x392c</run_address>
         <size>0x44</size>
         <input_file_ref idref="fl-cf"/>
      </object_component>
      <object_component id="oc-1f1">
         <name>.text:CANInit</name>
         <load_address>0x3970</load_address>
         <run_address>0x3970</run_address>
         <size>0x3a</size>
         <input_file_ref idref="fl-d5"/>
      </object_component>
      <object_component id="oc-1df">
         <name>.text:SysCtlPeripheralReady</name>
         <load_address>0x39ac</load_address>
         <run_address>0x39ac</run_address>
         <size>0x38</size>
         <input_file_ref idref="fl-d8"/>
      </object_component>
      <object_component id="oc-1d9">
         <name>.text:SysCtlPeripheralEnable</name>
         <load_address>0x39e4</load_address>
         <run_address>0x39e4</run_address>
         <size>0x34</size>
         <input_file_ref idref="fl-d8"/>
      </object_component>
      <object_component id="oc-61">
         <name>.text:_c_int00_noargs:_c_int00_noargs</name>
         <load_address>0x3a18</load_address>
         <run_address>0x3a18</run_address>
         <size>0x34</size>
         <input_file_ref idref="fl-ce"/>
      </object_component>
      <object_component id="oc-263">
         <name>.text:GPIODirModeSet</name>
         <load_address>0x3a4c</load_address>
         <run_address>0x3a4c</run_address>
         <size>0x2a</size>
         <input_file_ref idref="fl-d6"/>
      </object_component>
      <object_component id="oc-21c">
         <name>.text:_CANDataRegRead</name>
         <load_address>0x3a76</load_address>
         <run_address>0x3a76</run_address>
         <size>0x2a</size>
         <input_file_ref idref="fl-d5"/>
      </object_component>
      <object_component id="oc-20a">
         <name>.text:_CANDataRegWrite</name>
         <load_address>0x3aa0</load_address>
         <run_address>0x3aa0</run_address>
         <size>0x24</size>
         <input_file_ref idref="fl-d5"/>
      </object_component>
      <object_component id="oc-1e5">
         <name>.text:GPIOPinTypeCAN</name>
         <load_address>0x3ac4</load_address>
         <run_address>0x3ac4</run_address>
         <size>0x12</size>
         <input_file_ref idref="fl-d6"/>
      </object_component>
      <object_component id="oc-18">
         <name>.text:decompress:none:__TI_decompress_none</name>
         <load_address>0x3ad6</load_address>
         <run_address>0x3ad6</run_address>
         <size>0xe</size>
         <input_file_ref idref="fl-cc"/>
      </object_component>
      <object_component id="oc-55">
         <name>.text:decompress:ZI:__TI_zero_init</name>
         <load_address>0x3ae4</load_address>
         <run_address>0x3ae4</run_address>
         <size>0xc</size>
         <input_file_ref idref="fl-cb"/>
      </object_component>
      <object_component id="oc-24">
         <name>.text</name>
         <load_address>0x3af0</load_address>
         <run_address>0x3af0</run_address>
         <size>0xc</size>
         <input_file_ref idref="fl-e"/>
      </object_component>
      <object_component id="oc-203">
         <name>.text:CANEnable</name>
         <load_address>0x3afc</load_address>
         <run_address>0x3afc</run_address>
         <size>0xa</size>
         <input_file_ref idref="fl-d5"/>
      </object_component>
      <object_component id="oc-149">
         <name>.text:SysCtlDelay</name>
         <load_address>0x3b06</load_address>
         <run_address>0x3b06</run_address>
         <size>0x6</size>
         <input_file_ref idref="fl-d8"/>
      </object_component>
      <object_component id="oc-b9">
         <name>.text:_system_pre_init</name>
         <load_address>0x3b0c</load_address>
         <run_address>0x3b0c</run_address>
         <size>0x4</size>
         <input_file_ref idref="fl-d0"/>
      </object_component>
      <object_component id="oc-15b">
         <name>.text:abort:abort</name>
         <load_address>0x3b10</load_address>
         <run_address>0x3b10</run_address>
         <size>0x4</size>
         <input_file_ref idref="fl-d2"/>
      </object_component>
      <object_component id="oc-270">
         <name>.const:g_pui32GPIOBaseAddrs</name>
         <load_address>0x3b14</load_address>
         <run_address>0x3b14</run_address>
         <size>0x90</size>
         <input_file_ref idref="fl-d6"/>
      </object_component>
      <object_component id="oc-276">
         <name>.const:g_pui32Xtals</name>
         <load_address>0x3ba4</load_address>
         <run_address>0x3ba4</run_address>
         <size>0x6c</size>
         <input_file_ref idref="fl-d8"/>
      </object_component>
      <object_component id="oc-27a">
         <name>.const</name>
         <load_address>0x3c10</load_address>
         <run_address>0x3c10</run_address>
         <size>0x20</size>
         <input_file_ref idref="fl-d5"/>
      </object_component>
      <object_component id="oc-79">
         <name>.const</name>
         <load_address>0x3c30</load_address>
         <run_address>0x3c30</run_address>
         <size>0x8</size>
         <input_file_ref idref="fl-8"/>
      </object_component>
      <object_component id="oc-2f9">
         <name>.cinit..data.load</name>
         <load_address>0x3c38</load_address>
         <run_address>0x3c38</run_address>
         <size>0x17</size>
      </object_component>
      <object_component id="oc-2f7">
         <name>__TI_handler_table</name>
         <load_address>0x3c50</load_address>
         <run_address>0x3c50</run_address>
         <size>0xc</size>
      </object_component>
      <object_component id="oc-2fa">
         <name>.cinit..bss.load</name>
         <load_address>0x3c60</load_address>
         <run_address>0x3c60</run_address>
         <size>0x8</size>
      </object_component>
      <object_component id="oc-2f8">
         <name>__TI_cinit_table</name>
         <load_address>0x3c68</load_address>
         <run_address>0x3c68</run_address>
         <size>0x10</size>
      </object_component>
      <object_component id="oc-1af">
         <name>.data</name>
         <load_address>0x20005190</load_address>
         <run_address>0x20005190</run_address>
         <size>0x8</size>
         <input_file_ref idref="fl-5"/>
      </object_component>
      <object_component id="oc-83">
         <name>.data</name>
         <load_address>0x20005184</load_address>
         <run_address>0x20005184</run_address>
         <size>0xc</size>
         <input_file_ref idref="fl-8"/>
      </object_component>
      <object_component id="oc-76">
         <name>.data</name>
         <load_address>0x20005150</load_address>
         <run_address>0x20005150</run_address>
         <size>0x34</size>
         <input_file_ref idref="fl-c"/>
      </object_component>
      <object_component id="oc-1b2">
         <name>.bss:ucHeap</name>
         <uninitialized>true</uninitialized>
         <run_address>0x20000000</run_address>
         <size>0x4e20</size>
         <input_file_ref idref="fl-5"/>
      </object_component>
      <object_component id="oc-e7">
         <name>.bss:pxReadyTasksLists</name>
         <uninitialized>true</uninitialized>
         <run_address>0x20004e20</run_address>
         <size>0x64</size>
         <input_file_ref idref="fl-c"/>
      </object_component>
      <object_component id="oc-f6">
         <name>.bss:xDelayedTaskList1</name>
         <uninitialized>true</uninitialized>
         <run_address>0x20004ed4</run_address>
         <size>0x14</size>
         <input_file_ref idref="fl-c"/>
      </object_component>
      <object_component id="oc-f9">
         <name>.bss:xDelayedTaskList2</name>
         <uninitialized>true</uninitialized>
         <run_address>0x20004ee8</run_address>
         <size>0x14</size>
         <input_file_ref idref="fl-c"/>
      </object_component>
      <object_component id="oc-ed">
         <name>.bss</name>
         <uninitialized>true</uninitialized>
         <run_address>0x20004f38</run_address>
         <size>0x8</size>
         <input_file_ref idref="fl-c"/>
      </object_component>
      <object_component id="oc-f3">
         <name>.bss:xPendingReadyList</name>
         <uninitialized>true</uninitialized>
         <run_address>0x20004efc</run_address>
         <size>0x14</size>
         <input_file_ref idref="fl-c"/>
      </object_component>
      <object_component id="oc-ea">
         <name>.bss:xTasksWaitingTermination</name>
         <uninitialized>true</uninitialized>
         <run_address>0x20004f24</run_address>
         <size>0x14</size>
         <input_file_ref idref="fl-c"/>
      </object_component>
      <object_component id="oc-f0">
         <name>.bss:xSuspendedTaskList</name>
         <uninitialized>true</uninitialized>
         <run_address>0x20004f10</run_address>
         <size>0x14</size>
         <input_file_ref idref="fl-c"/>
      </object_component>
      <object_component id="oc-153">
         <name>.common:xSemaphore</name>
         <uninitialized>true</uninitialized>
         <run_address>0x20004f40</run_address>
         <size>0x4</size>
      </object_component>
      <object_component id="oc-154">
         <name>.common:xSemaphore2</name>
         <uninitialized>true</uninitialized>
         <run_address>0x20004f44</run_address>
         <size>0x4</size>
      </object_component>
      <object_component id="oc-150">
         <name>.common:state</name>
         <uninitialized>true</uninitialized>
         <run_address>0x20004f48</run_address>
         <size>0x1</size>
      </object_component>
      <object_component id="oc-1d0">
         <name>.common:xQueueRegistry</name>
         <uninitialized>true</uninitialized>
         <run_address>0x20004e84</run_address>
         <size>0x50</size>
      </object_component>
      <object_component id="oc-21">
         <name>.stack</name>
         <uninitialized>true</uninitialized>
         <run_address>0x20004f50</run_address>
         <size>0x4</size>
         <input_file_ref idref="fl-ce"/>
      </object_component>
      <object_component id="oc-2fb">
         <name>.stack</name>
         <uninitialized>true</uninitialized>
         <run_address>0x20004f50</run_address>
         <size>0x0</size>
      </object_component>
      <object_component id="oc-120">
         <name>.debug_info</name>
         <load_address>0x0</load_address>
         <run_address>0x0</run_address>
         <size>0x40a</size>
         <input_file_ref idref="fl-2"/>
      </object_component>
      <object_component id="oc-138">
         <name>.debug_info</name>
         <load_address>0x40a</load_address>
         <run_address>0x40a</run_address>
         <size>0x21c</size>
         <input_file_ref idref="fl-2"/>
      </object_component>
      <object_component id="oc-156">
         <name>.debug_info</name>
         <load_address>0x626</load_address>
         <run_address>0x626</run_address>
         <size>0x1b3</size>
         <input_file_ref idref="fl-2"/>
      </object_component>
      <object_component id="oc-99">
         <name>.debug_info</name>
         <load_address>0x7d9</load_address>
         <run_address>0x7d9</run_address>
         <size>0x26b</size>
         <input_file_ref idref="fl-2"/>
      </object_component>
      <object_component id="oc-11b">
         <name>.debug_info</name>
         <load_address>0xa44</load_address>
         <run_address>0xa44</run_address>
         <size>0x8b</size>
         <input_file_ref idref="fl-2"/>
      </object_component>
      <object_component id="oc-116">
         <name>.debug_info</name>
         <load_address>0xacf</load_address>
         <run_address>0xacf</run_address>
         <size>0x297</size>
         <input_file_ref idref="fl-2"/>
      </object_component>
      <object_component id="oc-92">
         <name>.debug_info</name>
         <load_address>0xd66</load_address>
         <run_address>0xd66</run_address>
         <size>0xbb</size>
         <input_file_ref idref="fl-2"/>
      </object_component>
      <object_component id="oc-115">
         <name>.debug_info</name>
         <load_address>0xe21</load_address>
         <run_address>0xe21</run_address>
         <size>0x1ec</size>
         <input_file_ref idref="fl-3"/>
      </object_component>
      <object_component id="oc-106">
         <name>.debug_info</name>
         <load_address>0x100d</load_address>
         <run_address>0x100d</run_address>
         <size>0x315</size>
         <input_file_ref idref="fl-3"/>
      </object_component>
      <object_component id="oc-110">
         <name>.debug_info</name>
         <load_address>0x1322</load_address>
         <run_address>0x1322</run_address>
         <size>0x476</size>
         <input_file_ref idref="fl-3"/>
      </object_component>
      <object_component id="oc-3e">
         <name>.debug_info</name>
         <load_address>0x1798</load_address>
         <run_address>0x1798</run_address>
         <size>0x84</size>
         <input_file_ref idref="fl-3"/>
      </object_component>
      <object_component id="oc-1c9">
         <name>.debug_info</name>
         <load_address>0x181c</load_address>
         <run_address>0x181c</run_address>
         <size>0xcc</size>
         <input_file_ref idref="fl-3"/>
      </object_component>
      <object_component id="oc-88">
         <name>.debug_info</name>
         <load_address>0x18e8</load_address>
         <run_address>0x18e8</run_address>
         <size>0x2c</size>
         <input_file_ref idref="fl-3"/>
      </object_component>
      <object_component id="oc-8d">
         <name>.debug_info</name>
         <load_address>0x1914</load_address>
         <run_address>0x1914</run_address>
         <size>0x53</size>
         <input_file_ref idref="fl-3"/>
      </object_component>
      <object_component id="oc-101">
         <name>.debug_info</name>
         <load_address>0x1967</load_address>
         <run_address>0x1967</run_address>
         <size>0x53</size>
         <input_file_ref idref="fl-3"/>
      </object_component>
      <object_component id="oc-10b">
         <name>.debug_info</name>
         <load_address>0x19ba</load_address>
         <run_address>0x19ba</run_address>
         <size>0x14c</size>
         <input_file_ref idref="fl-3"/>
      </object_component>
      <object_component id="oc-251">
         <name>.debug_info</name>
         <load_address>0x1b06</load_address>
         <run_address>0x1b06</run_address>
         <size>0x63c</size>
         <input_file_ref idref="fl-4"/>
      </object_component>
      <object_component id="oc-1a0">
         <name>.debug_info</name>
         <load_address>0x2142</load_address>
         <run_address>0x2142</run_address>
         <size>0x110</size>
         <input_file_ref idref="fl-4"/>
      </object_component>
      <object_component id="oc-1aa">
         <name>.debug_info</name>
         <load_address>0x2252</load_address>
         <run_address>0x2252</run_address>
         <size>0x476</size>
         <input_file_ref idref="fl-4"/>
      </object_component>
      <object_component id="oc-2ad">
         <name>.debug_info</name>
         <load_address>0x26c8</load_address>
         <run_address>0x26c8</run_address>
         <size>0x76</size>
         <input_file_ref idref="fl-4"/>
      </object_component>
      <object_component id="oc-2b2">
         <name>.debug_info</name>
         <load_address>0x273e</load_address>
         <run_address>0x273e</run_address>
         <size>0x39</size>
         <input_file_ref idref="fl-4"/>
      </object_component>
      <object_component id="oc-19b">
         <name>.debug_info</name>
         <load_address>0x2777</load_address>
         <run_address>0x2777</run_address>
         <size>0x4f</size>
         <input_file_ref idref="fl-4"/>
      </object_component>
      <object_component id="oc-1b6">
         <name>.debug_info</name>
         <load_address>0x27c6</load_address>
         <run_address>0x27c6</run_address>
         <size>0x3fb</size>
         <input_file_ref idref="fl-5"/>
      </object_component>
      <object_component id="oc-1b3">
         <name>.debug_info</name>
         <load_address>0x2bc1</load_address>
         <run_address>0x2bc1</run_address>
         <size>0xe2</size>
         <input_file_ref idref="fl-5"/>
      </object_component>
      <object_component id="oc-1b0">
         <name>.debug_info</name>
         <load_address>0x2ca3</load_address>
         <run_address>0x2ca3</run_address>
         <size>0xf0</size>
         <input_file_ref idref="fl-5"/>
      </object_component>
      <object_component id="oc-dc">
         <name>.debug_info</name>
         <load_address>0x2d93</load_address>
         <run_address>0x2d93</run_address>
         <size>0x2f8</size>
         <input_file_ref idref="fl-5"/>
      </object_component>
      <object_component id="oc-1b8">
         <name>.debug_info</name>
         <load_address>0x308b</load_address>
         <run_address>0x308b</run_address>
         <size>0x36e</size>
         <input_file_ref idref="fl-6"/>
      </object_component>
      <object_component id="oc-e2">
         <name>.debug_info</name>
         <load_address>0x33f9</load_address>
         <run_address>0x33f9</run_address>
         <size>0x45a</size>
         <input_file_ref idref="fl-6"/>
      </object_component>
      <object_component id="oc-151">
         <name>.debug_info</name>
         <load_address>0x3853</load_address>
         <run_address>0x3853</run_address>
         <size>0x737</size>
         <input_file_ref idref="fl-7"/>
      </object_component>
      <object_component id="oc-c0">
         <name>.debug_info</name>
         <load_address>0x3f8a</load_address>
         <run_address>0x3f8a</run_address>
         <size>0x503</size>
         <input_file_ref idref="fl-7"/>
      </object_component>
      <object_component id="oc-227">
         <name>.debug_info</name>
         <load_address>0x448d</load_address>
         <run_address>0x448d</run_address>
         <size>0x4f</size>
         <input_file_ref idref="fl-7"/>
      </object_component>
      <object_component id="oc-22c">
         <name>.debug_info</name>
         <load_address>0x44dc</load_address>
         <run_address>0x44dc</run_address>
         <size>0x2c</size>
         <input_file_ref idref="fl-7"/>
      </object_component>
      <object_component id="oc-87">
         <name>.debug_info</name>
         <load_address>0x4508</load_address>
         <run_address>0x4508</run_address>
         <size>0x444</size>
         <input_file_ref idref="fl-8"/>
      </object_component>
      <object_component id="oc-7a">
         <name>.debug_info</name>
         <load_address>0x494c</load_address>
         <run_address>0x494c</run_address>
         <size>0x157</size>
         <input_file_ref idref="fl-8"/>
      </object_component>
      <object_component id="oc-84">
         <name>.debug_info</name>
         <load_address>0x4aa3</load_address>
         <run_address>0x4aa3</run_address>
         <size>0x162</size>
         <input_file_ref idref="fl-8"/>
      </object_component>
      <object_component id="oc-30">
         <name>.debug_info</name>
         <load_address>0x4c05</load_address>
         <run_address>0x4c05</run_address>
         <size>0x642</size>
         <input_file_ref idref="fl-8"/>
      </object_component>
      <object_component id="oc-2b">
         <name>.debug_info</name>
         <load_address>0x5247</load_address>
         <run_address>0x5247</run_address>
         <size>0x244</size>
         <input_file_ref idref="fl-9"/>
      </object_component>
      <object_component id="oc-1d1">
         <name>.debug_info</name>
         <load_address>0x548b</load_address>
         <run_address>0x548b</run_address>
         <size>0x880</size>
         <input_file_ref idref="fl-a"/>
      </object_component>
      <object_component id="oc-132">
         <name>.debug_info</name>
         <load_address>0x5d0b</load_address>
         <run_address>0x5d0b</run_address>
         <size>0x32a5</size>
         <input_file_ref idref="fl-a"/>
      </object_component>
      <object_component id="oc-25c">
         <name>.debug_info</name>
         <load_address>0x8fb0</load_address>
         <run_address>0x8fb0</run_address>
         <size>0x23f</size>
         <input_file_ref idref="fl-a"/>
      </object_component>
      <object_component id="oc-1d4">
         <name>.debug_info</name>
         <load_address>0x91ef</load_address>
         <run_address>0x91ef</run_address>
         <size>0x46</size>
         <input_file_ref idref="fl-a"/>
      </object_component>
      <object_component id="oc-128">
         <name>.debug_info</name>
         <load_address>0x9235</load_address>
         <run_address>0x9235</run_address>
         <size>0x2c</size>
         <input_file_ref idref="fl-b"/>
      </object_component>
      <object_component id="oc-d3">
         <name>.debug_info</name>
         <load_address>0x9261</load_address>
         <run_address>0x9261</run_address>
         <size>0x783</size>
         <input_file_ref idref="fl-c"/>
      </object_component>
      <object_component id="oc-77">
         <name>.debug_info</name>
         <load_address>0x99e4</load_address>
         <run_address>0x99e4</run_address>
         <size>0x351</size>
         <input_file_ref idref="fl-c"/>
      </object_component>
      <object_component id="oc-e8">
         <name>.debug_info</name>
         <load_address>0x9d35</load_address>
         <run_address>0x9d35</run_address>
         <size>0xf8</size>
         <input_file_ref idref="fl-c"/>
      </object_component>
      <object_component id="oc-f7">
         <name>.debug_info</name>
         <load_address>0x9e2d</load_address>
         <run_address>0x9e2d</run_address>
         <size>0xf8</size>
         <input_file_ref idref="fl-c"/>
      </object_component>
      <object_component id="oc-fa">
         <name>.debug_info</name>
         <load_address>0x9f25</load_address>
         <run_address>0x9f25</run_address>
         <size>0xf8</size>
         <input_file_ref idref="fl-c"/>
      </object_component>
      <object_component id="oc-ee">
         <name>.debug_info</name>
         <load_address>0xa01d</load_address>
         <run_address>0xa01d</run_address>
         <size>0x13b</size>
         <input_file_ref idref="fl-c"/>
      </object_component>
      <object_component id="oc-f4">
         <name>.debug_info</name>
         <load_address>0xa158</load_address>
         <run_address>0xa158</run_address>
         <size>0xf8</size>
         <input_file_ref idref="fl-c"/>
      </object_component>
      <object_component id="oc-eb">
         <name>.debug_info</name>
         <load_address>0xa250</load_address>
         <run_address>0xa250</run_address>
         <size>0x106</size>
         <input_file_ref idref="fl-c"/>
      </object_component>
      <object_component id="oc-f1">
         <name>.debug_info</name>
         <load_address>0xa356</load_address>
         <run_address>0xa356</run_address>
         <size>0xfa</size>
         <input_file_ref idref="fl-c"/>
      </object_component>
      <object_component id="oc-7d">
         <name>.debug_info</name>
         <load_address>0xa450</load_address>
         <run_address>0xa450</run_address>
         <size>0x4b75</size>
         <input_file_ref idref="fl-c"/>
      </object_component>
      <object_component id="oc-d4">
         <name>.debug_info</name>
         <load_address>0xefc5</load_address>
         <run_address>0xefc5</run_address>
         <size>0x30c</size>
         <input_file_ref idref="fl-c"/>
      </object_component>
      <object_component id="oc-1a5">
         <name>.debug_info</name>
         <load_address>0xf2d1</load_address>
         <run_address>0xf2d1</run_address>
         <size>0x159</size>
         <input_file_ref idref="fl-c"/>
      </object_component>
      <object_component id="oc-37">
         <name>.debug_info</name>
         <load_address>0xf42a</load_address>
         <run_address>0xf42a</run_address>
         <size>0x342</size>
         <input_file_ref idref="fl-e"/>
      </object_component>
      <object_component id="oc-10">
         <name>.debug_info</name>
         <load_address>0xf76c</load_address>
         <run_address>0xf76c</run_address>
         <size>0x101</size>
         <input_file_ref idref="fl-e"/>
      </object_component>
      <object_component id="oc-25">
         <name>.debug_info</name>
         <load_address>0xf86d</load_address>
         <run_address>0xf86d</run_address>
         <size>0x27d</size>
         <input_file_ref idref="fl-e"/>
      </object_component>
      <object_component id="oc-46">
         <name>.debug_info</name>
         <load_address>0xfaea</load_address>
         <run_address>0xfaea</run_address>
         <size>0x11d</size>
         <input_file_ref idref="fl-c9"/>
      </object_component>
      <object_component id="oc-b6">
         <name>.debug_info</name>
         <load_address>0xfc07</load_address>
         <run_address>0xfc07</run_address>
         <size>0x14b</size>
         <input_file_ref idref="fl-ca"/>
      </object_component>
      <object_component id="oc-b2">
         <name>.debug_info</name>
         <load_address>0xfd52</load_address>
         <run_address>0xfd52</run_address>
         <size>0x2d8</size>
         <input_file_ref idref="fl-cb"/>
      </object_component>
      <object_component id="oc-56">
         <name>.debug_info</name>
         <load_address>0x1002a</load_address>
         <run_address>0x1002a</run_address>
         <size>0x1b9</size>
         <input_file_ref idref="fl-cb"/>
      </object_component>
      <object_component id="oc-ad">
         <name>.debug_info</name>
         <load_address>0x101e3</load_address>
         <run_address>0x101e3</run_address>
         <size>0x46</size>
         <input_file_ref idref="fl-cb"/>
      </object_component>
      <object_component id="oc-4e">
         <name>.debug_info</name>
         <load_address>0x10229</load_address>
         <run_address>0x10229</run_address>
         <size>0x2ac</size>
         <input_file_ref idref="fl-cc"/>
      </object_component>
      <object_component id="oc-19">
         <name>.debug_info</name>
         <load_address>0x104d5</load_address>
         <run_address>0x104d5</run_address>
         <size>0x1ee</size>
         <input_file_ref idref="fl-cc"/>
      </object_component>
      <object_component id="oc-49">
         <name>.debug_info</name>
         <load_address>0x106c3</load_address>
         <run_address>0x106c3</run_address>
         <size>0x46</size>
         <input_file_ref idref="fl-cc"/>
      </object_component>
      <object_component id="oc-a5">
         <name>.debug_info</name>
         <load_address>0x10709</load_address>
         <run_address>0x10709</run_address>
         <size>0x2c</size>
         <input_file_ref idref="fl-cc"/>
      </object_component>
      <object_component id="oc-a3">
         <name>.debug_info</name>
         <load_address>0x10735</load_address>
         <run_address>0x10735</run_address>
         <size>0x2a2</size>
         <input_file_ref idref="fl-cd"/>
      </object_component>
      <object_component id="oc-13">
         <name>.debug_info</name>
         <load_address>0x109d7</load_address>
         <run_address>0x109d7</run_address>
         <size>0x254</size>
         <input_file_ref idref="fl-cd"/>
      </object_component>
      <object_component id="oc-39">
         <name>.debug_info</name>
         <load_address>0x10c2b</load_address>
         <run_address>0x10c2b</run_address>
         <size>0x60</size>
         <input_file_ref idref="fl-cd"/>
      </object_component>
      <object_component id="oc-121">
         <name>.debug_info</name>
         <load_address>0x10c8b</load_address>
         <run_address>0x10c8b</run_address>
         <size>0x46</size>
         <input_file_ref idref="fl-cd"/>
      </object_component>
      <object_component id="oc-9e">
         <name>.debug_info</name>
         <load_address>0x10cd1</load_address>
         <run_address>0x10cd1</run_address>
         <size>0x39</size>
         <input_file_ref idref="fl-cd"/>
      </object_component>
      <object_component id="oc-22">
         <name>.debug_info</name>
         <load_address>0x10d0a</load_address>
         <run_address>0x10d0a</run_address>
         <size>0x10f</size>
         <input_file_ref idref="fl-ce"/>
      </object_component>
      <object_component id="oc-65">
         <name>.debug_info</name>
         <load_address>0x10e19</load_address>
         <run_address>0x10e19</run_address>
         <size>0x1ad</size>
         <input_file_ref idref="fl-ce"/>
      </object_component>
      <object_component id="oc-23c">
         <name>.debug_info</name>
         <load_address>0x10fc6</load_address>
         <run_address>0x10fc6</run_address>
         <size>0x4b7</size>
         <input_file_ref idref="fl-cf"/>
      </object_component>
      <object_component id="oc-168">
         <name>.debug_info</name>
         <load_address>0x1147d</load_address>
         <run_address>0x1147d</run_address>
         <size>0x1aa</size>
         <input_file_ref idref="fl-cf"/>
      </object_component>
      <object_component id="oc-29a">
         <name>.debug_info</name>
         <load_address>0x11627</load_address>
         <run_address>0x11627</run_address>
         <size>0x39</size>
         <input_file_ref idref="fl-cf"/>
      </object_component>
      <object_component id="oc-2c4">
         <name>.debug_info</name>
         <load_address>0x11660</load_address>
         <run_address>0x11660</run_address>
         <size>0x39</size>
         <input_file_ref idref="fl-cf"/>
      </object_component>
      <object_component id="oc-29f">
         <name>.debug_info</name>
         <load_address>0x11699</load_address>
         <run_address>0x11699</run_address>
         <size>0x39</size>
         <input_file_ref idref="fl-cf"/>
      </object_component>
      <object_component id="oc-2a4">
         <name>.debug_info</name>
         <load_address>0x116d2</load_address>
         <run_address>0x116d2</run_address>
         <size>0xcd</size>
         <input_file_ref idref="fl-cf"/>
      </object_component>
      <object_component id="oc-bd">
         <name>.debug_info</name>
         <load_address>0x1179f</load_address>
         <run_address>0x1179f</run_address>
         <size>0x157</size>
         <input_file_ref idref="fl-d0"/>
      </object_component>
      <object_component id="oc-15f">
         <name>.debug_info</name>
         <load_address>0x118f6</load_address>
         <run_address>0x118f6</run_address>
         <size>0x126</size>
         <input_file_ref idref="fl-d2"/>
      </object_component>
      <object_component id="oc-216">
         <name>.debug_info</name>
         <load_address>0x11a1c</load_address>
         <run_address>0x11a1c</run_address>
         <size>0x227</size>
         <input_file_ref idref="fl-d5"/>
      </object_component>
      <object_component id="oc-27b">
         <name>.debug_info</name>
         <load_address>0x11c43</load_address>
         <run_address>0x11c43</run_address>
         <size>0x156</size>
         <input_file_ref idref="fl-d5"/>
      </object_component>
      <object_component id="oc-20e">
         <name>.debug_info</name>
         <load_address>0x11d99</load_address>
         <run_address>0x11d99</run_address>
         <size>0x2dd</size>
         <input_file_ref idref="fl-d5"/>
      </object_component>
      <object_component id="oc-141">
         <name>.debug_info</name>
         <load_address>0x12076</load_address>
         <run_address>0x12076</run_address>
         <size>0x413</size>
         <input_file_ref idref="fl-d5"/>
      </object_component>
      <object_component id="oc-220">
         <name>.debug_info</name>
         <load_address>0x12489</load_address>
         <run_address>0x12489</run_address>
         <size>0x2de</size>
         <input_file_ref idref="fl-d5"/>
      </object_component>
      <object_component id="oc-147">
         <name>.debug_info</name>
         <load_address>0x12767</load_address>
         <run_address>0x12767</run_address>
         <size>0x3e8</size>
         <input_file_ref idref="fl-d5"/>
      </object_component>
      <object_component id="oc-1f3">
         <name>.debug_info</name>
         <load_address>0x12b4f</load_address>
         <run_address>0x12b4f</run_address>
         <size>0x26c</size>
         <input_file_ref idref="fl-d5"/>
      </object_component>
      <object_component id="oc-205">
         <name>.debug_info</name>
         <load_address>0x12dbb</load_address>
         <run_address>0x12dbb</run_address>
         <size>0x242</size>
         <input_file_ref idref="fl-d5"/>
      </object_component>
      <object_component id="oc-1fe">
         <name>.debug_info</name>
         <load_address>0x12ffd</load_address>
         <run_address>0x12ffd</run_address>
         <size>0x360</size>
         <input_file_ref idref="fl-d5"/>
      </object_component>
      <object_component id="oc-217">
         <name>.debug_info</name>
         <load_address>0x1335d</load_address>
         <run_address>0x1335d</run_address>
         <size>0x1b3</size>
         <input_file_ref idref="fl-d5"/>
      </object_component>
      <object_component id="oc-211">
         <name>.debug_info</name>
         <load_address>0x13510</load_address>
         <run_address>0x13510</run_address>
         <size>0x18b</size>
         <input_file_ref idref="fl-d5"/>
      </object_component>
      <object_component id="oc-274">
         <name>.debug_info</name>
         <load_address>0x1369b</load_address>
         <run_address>0x1369b</run_address>
         <size>0x240</size>
         <input_file_ref idref="fl-d6"/>
      </object_component>
      <object_component id="oc-271">
         <name>.debug_info</name>
         <load_address>0x138db</load_address>
         <run_address>0x138db</run_address>
         <size>0x15b</size>
         <input_file_ref idref="fl-d6"/>
      </object_component>
      <object_component id="oc-264">
         <name>.debug_info</name>
         <load_address>0x13a36</load_address>
         <run_address>0x13a36</run_address>
         <size>0x2b3</size>
         <input_file_ref idref="fl-d6"/>
      </object_component>
      <object_component id="oc-26a">
         <name>.debug_info</name>
         <load_address>0x13ce9</load_address>
         <run_address>0x13ce9</run_address>
         <size>0x316</size>
         <input_file_ref idref="fl-d6"/>
      </object_component>
      <object_component id="oc-1e6">
         <name>.debug_info</name>
         <load_address>0x13fff</load_address>
         <run_address>0x13fff</run_address>
         <size>0x279</size>
         <input_file_ref idref="fl-d6"/>
      </object_component>
      <object_component id="oc-1ec">
         <name>.debug_info</name>
         <load_address>0x14278</load_address>
         <run_address>0x14278</run_address>
         <size>0x280</size>
         <input_file_ref idref="fl-d6"/>
      </object_component>
      <object_component id="oc-224">
         <name>.debug_info</name>
         <load_address>0x144f8</load_address>
         <run_address>0x144f8</run_address>
         <size>0x298</size>
         <input_file_ref idref="fl-d8"/>
      </object_component>
      <object_component id="oc-277">
         <name>.debug_info</name>
         <load_address>0x14790</load_address>
         <run_address>0x14790</run_address>
         <size>0x14d</size>
         <input_file_ref idref="fl-d8"/>
      </object_component>
      <object_component id="oc-1e0">
         <name>.debug_info</name>
         <load_address>0x148dd</load_address>
         <run_address>0x148dd</run_address>
         <size>0x27f</size>
         <input_file_ref idref="fl-d8"/>
      </object_component>
      <object_component id="oc-1da">
         <name>.debug_info</name>
         <load_address>0x14b5c</load_address>
         <run_address>0x14b5c</run_address>
         <size>0x27d</size>
         <input_file_ref idref="fl-d8"/>
      </object_component>
      <object_component id="oc-14b">
         <name>.debug_info</name>
         <load_address>0x14dd9</load_address>
         <run_address>0x14dd9</run_address>
         <size>0x2db</size>
         <input_file_ref idref="fl-d8"/>
      </object_component>
      <object_component id="oc-1f8">
         <name>.debug_info</name>
         <load_address>0x150b4</load_address>
         <run_address>0x150b4</run_address>
         <size>0x2b5</size>
         <input_file_ref idref="fl-d8"/>
      </object_component>
      <object_component id="oc-285">
         <name>.debug_info</name>
         <load_address>0x15369</load_address>
         <run_address>0x15369</run_address>
         <size>0x5f</size>
         <input_file_ref idref="fl-d8"/>
      </object_component>
      <object_component id="oc-2fc">
         <name>.debug_info</name>
         <load_address>0x153c8</load_address>
         <run_address>0x153c8</run_address>
         <size>0xb4</size>
      </object_component>
      <object_component id="oc-1cf">
         <name>.debug_line</name>
         <load_address>0x0</load_address>
         <run_address>0x0</run_address>
         <size>0xc3</size>
         <input_file_ref idref="fl-2"/>
      </object_component>
      <object_component id="oc-13b">
         <name>.debug_line</name>
         <load_address>0xc3</load_address>
         <run_address>0xc3</run_address>
         <size>0x60</size>
         <input_file_ref idref="fl-2"/>
      </object_component>
      <object_component id="oc-159">
         <name>.debug_line</name>
         <load_address>0x123</load_address>
         <run_address>0x123</run_address>
         <size>0x55</size>
         <input_file_ref idref="fl-2"/>
      </object_component>
      <object_component id="oc-9c">
         <name>.debug_line</name>
         <load_address>0x178</load_address>
         <run_address>0x178</run_address>
         <size>0x6f</size>
         <input_file_ref idref="fl-2"/>
      </object_component>
      <object_component id="oc-11e">
         <name>.debug_line</name>
         <load_address>0x1e7</load_address>
         <run_address>0x1e7</run_address>
         <size>0x20</size>
         <input_file_ref idref="fl-2"/>
      </object_component>
      <object_component id="oc-119">
         <name>.debug_line</name>
         <load_address>0x207</load_address>
         <run_address>0x207</run_address>
         <size>0x73</size>
         <input_file_ref idref="fl-2"/>
      </object_component>
      <object_component id="oc-95">
         <name>.debug_line</name>
         <load_address>0x27a</load_address>
         <run_address>0x27a</run_address>
         <size>0x70</size>
         <input_file_ref idref="fl-2"/>
      </object_component>
      <object_component id="oc-1c8">
         <name>.debug_line</name>
         <load_address>0x2ea</load_address>
         <run_address>0x2ea</run_address>
         <size>0x20</size>
         <input_file_ref idref="fl-3"/>
      </object_component>
      <object_component id="oc-109">
         <name>.debug_line</name>
         <load_address>0x30a</load_address>
         <run_address>0x30a</run_address>
         <size>0x2d</size>
         <input_file_ref idref="fl-3"/>
      </object_component>
      <object_component id="oc-113">
         <name>.debug_line</name>
         <load_address>0x337</load_address>
         <run_address>0x337</run_address>
         <size>0x31</size>
         <input_file_ref idref="fl-3"/>
      </object_component>
      <object_component id="oc-41">
         <name>.debug_line</name>
         <load_address>0x368</load_address>
         <run_address>0x368</run_address>
         <size>0x20</size>
         <input_file_ref idref="fl-3"/>
      </object_component>
      <object_component id="oc-1cc">
         <name>.debug_line</name>
         <load_address>0x388</load_address>
         <run_address>0x388</run_address>
         <size>0x31</size>
         <input_file_ref idref="fl-3"/>
      </object_component>
      <object_component id="oc-8b">
         <name>.debug_line</name>
         <load_address>0x3b9</load_address>
         <run_address>0x3b9</run_address>
         <size>0x31</size>
         <input_file_ref idref="fl-3"/>
      </object_component>
      <object_component id="oc-90">
         <name>.debug_line</name>
         <load_address>0x3ea</load_address>
         <run_address>0x3ea</run_address>
         <size>0x32</size>
         <input_file_ref idref="fl-3"/>
      </object_component>
      <object_component id="oc-104">
         <name>.debug_line</name>
         <load_address>0x41c</load_address>
         <run_address>0x41c</run_address>
         <size>0x6b</size>
         <input_file_ref idref="fl-3"/>
      </object_component>
      <object_component id="oc-10e">
         <name>.debug_line</name>
         <load_address>0x487</load_address>
         <run_address>0x487</run_address>
         <size>0x2d</size>
         <input_file_ref idref="fl-3"/>
      </object_component>
      <object_component id="oc-2ac">
         <name>.debug_line</name>
         <load_address>0x4b4</load_address>
         <run_address>0x4b4</run_address>
         <size>0x5d</size>
         <input_file_ref idref="fl-4"/>
      </object_component>
      <object_component id="oc-1a3">
         <name>.debug_line</name>
         <load_address>0x511</load_address>
         <run_address>0x511</run_address>
         <size>0x6b</size>
         <input_file_ref idref="fl-4"/>
      </object_component>
      <object_component id="oc-1ad">
         <name>.debug_line</name>
         <load_address>0x57c</load_address>
         <run_address>0x57c</run_address>
         <size>0x31</size>
         <input_file_ref idref="fl-4"/>
      </object_component>
      <object_component id="oc-2b0">
         <name>.debug_line</name>
         <load_address>0x5ad</load_address>
         <run_address>0x5ad</run_address>
         <size>0x35</size>
         <input_file_ref idref="fl-4"/>
      </object_component>
      <object_component id="oc-2b5">
         <name>.debug_line</name>
         <load_address>0x5e2</load_address>
         <run_address>0x5e2</run_address>
         <size>0x35</size>
         <input_file_ref idref="fl-4"/>
      </object_component>
      <object_component id="oc-19e">
         <name>.debug_line</name>
         <load_address>0x617</load_address>
         <run_address>0x617</run_address>
         <size>0x2f</size>
         <input_file_ref idref="fl-4"/>
      </object_component>
      <object_component id="oc-257">
         <name>.debug_line</name>
         <load_address>0x646</load_address>
         <run_address>0x646</run_address>
         <size>0x2d</size>
         <input_file_ref idref="fl-5"/>
      </object_component>
      <object_component id="oc-255">
         <name>.debug_line</name>
         <load_address>0x673</load_address>
         <run_address>0x673</run_address>
         <size>0x2f</size>
         <input_file_ref idref="fl-5"/>
      </object_component>
      <object_component id="oc-253">
         <name>.debug_line</name>
         <load_address>0x6a2</load_address>
         <run_address>0x6a2</run_address>
         <size>0x2f</size>
         <input_file_ref idref="fl-5"/>
      </object_component>
      <object_component id="oc-df">
         <name>.debug_line</name>
         <load_address>0x6d1</load_address>
         <run_address>0x6d1</run_address>
         <size>0xb2</size>
         <input_file_ref idref="fl-5"/>
      </object_component>
      <object_component id="oc-259">
         <name>.debug_line</name>
         <load_address>0x783</load_address>
         <run_address>0x783</run_address>
         <size>0x20</size>
         <input_file_ref idref="fl-6"/>
      </object_component>
      <object_component id="oc-e5">
         <name>.debug_line</name>
         <load_address>0x7a3</load_address>
         <run_address>0x7a3</run_address>
         <size>0xe3</size>
         <input_file_ref idref="fl-6"/>
      </object_component>
      <object_component id="oc-226">
         <name>.debug_line</name>
         <load_address>0x886</load_address>
         <run_address>0x886</run_address>
         <size>0xc7</size>
         <input_file_ref idref="fl-7"/>
      </object_component>
      <object_component id="oc-c3">
         <name>.debug_line</name>
         <load_address>0x94d</load_address>
         <run_address>0x94d</run_address>
         <size>0x10f</size>
         <input_file_ref idref="fl-7"/>
      </object_component>
      <object_component id="oc-22a">
         <name>.debug_line</name>
         <load_address>0xa5c</load_address>
         <run_address>0xa5c</run_address>
         <size>0x2e</size>
         <input_file_ref idref="fl-7"/>
      </object_component>
      <object_component id="oc-22f">
         <name>.debug_line</name>
         <load_address>0xa8a</load_address>
         <run_address>0xa8a</run_address>
         <size>0x2f</size>
         <input_file_ref idref="fl-7"/>
      </object_component>
      <object_component id="oc-100">
         <name>.debug_line</name>
         <load_address>0xab9</load_address>
         <run_address>0xab9</run_address>
         <size>0x3a</size>
         <input_file_ref idref="fl-8"/>
      </object_component>
      <object_component id="oc-da">
         <name>.debug_line</name>
         <load_address>0xaf3</load_address>
         <run_address>0xaf3</run_address>
         <size>0x2d</size>
         <input_file_ref idref="fl-8"/>
      </object_component>
      <object_component id="oc-fe">
         <name>.debug_line</name>
         <load_address>0xb20</load_address>
         <run_address>0xb20</run_address>
         <size>0x2d</size>
         <input_file_ref idref="fl-8"/>
      </object_component>
      <object_component id="oc-33">
         <name>.debug_line</name>
         <load_address>0xb4d</load_address>
         <run_address>0xb4d</run_address>
         <size>0x160</size>
         <input_file_ref idref="fl-8"/>
      </object_component>
      <object_component id="oc-2e">
         <name>.debug_line</name>
         <load_address>0xcad</load_address>
         <run_address>0xcad</run_address>
         <size>0xc2</size>
         <input_file_ref idref="fl-9"/>
      </object_component>
      <object_component id="oc-25b">
         <name>.debug_line</name>
         <load_address>0xd6f</load_address>
         <run_address>0xd6f</run_address>
         <size>0x6b</size>
         <input_file_ref idref="fl-a"/>
      </object_component>
      <object_component id="oc-135">
         <name>.debug_line</name>
         <load_address>0xdda</load_address>
         <run_address>0xdda</run_address>
         <size>0x8ce</size>
         <input_file_ref idref="fl-a"/>
      </object_component>
      <object_component id="oc-25f">
         <name>.debug_line</name>
         <load_address>0x16a8</load_address>
         <run_address>0x16a8</run_address>
         <size>0x2e</size>
         <input_file_ref idref="fl-a"/>
      </object_component>
      <object_component id="oc-1d7">
         <name>.debug_line</name>
         <load_address>0x16d6</load_address>
         <run_address>0x16d6</run_address>
         <size>0x2e</size>
         <input_file_ref idref="fl-a"/>
      </object_component>
      <object_component id="oc-12b">
         <name>.debug_line</name>
         <load_address>0x1704</load_address>
         <run_address>0x1704</run_address>
         <size>0x6b</size>
         <input_file_ref idref="fl-b"/>
      </object_component>
      <object_component id="oc-19a">
         <name>.debug_line</name>
         <load_address>0x176f</load_address>
         <run_address>0x176f</run_address>
         <size>0x9b</size>
         <input_file_ref idref="fl-c"/>
      </object_component>
      <object_component id="oc-d2">
         <name>.debug_line</name>
         <load_address>0x180a</load_address>
         <run_address>0x180a</run_address>
         <size>0x2e</size>
         <input_file_ref idref="fl-c"/>
      </object_component>
      <object_component id="oc-1ba">
         <name>.debug_line</name>
         <load_address>0x1838</load_address>
         <run_address>0x1838</run_address>
         <size>0x2e</size>
         <input_file_ref idref="fl-c"/>
      </object_component>
      <object_component id="oc-1c4">
         <name>.debug_line</name>
         <load_address>0x1866</load_address>
         <run_address>0x1866</run_address>
         <size>0x2e</size>
         <input_file_ref idref="fl-c"/>
      </object_component>
      <object_component id="oc-1c6">
         <name>.debug_line</name>
         <load_address>0x1894</load_address>
         <run_address>0x1894</run_address>
         <size>0x2e</size>
         <input_file_ref idref="fl-c"/>
      </object_component>
      <object_component id="oc-1be">
         <name>.debug_line</name>
         <load_address>0x18c2</load_address>
         <run_address>0x18c2</run_address>
         <size>0x2e</size>
         <input_file_ref idref="fl-c"/>
      </object_component>
      <object_component id="oc-1c2">
         <name>.debug_line</name>
         <load_address>0x18f0</load_address>
         <run_address>0x18f0</run_address>
         <size>0x2e</size>
         <input_file_ref idref="fl-c"/>
      </object_component>
      <object_component id="oc-1bc">
         <name>.debug_line</name>
         <load_address>0x191e</load_address>
         <run_address>0x191e</run_address>
         <size>0x2e</size>
         <input_file_ref idref="fl-c"/>
      </object_component>
      <object_component id="oc-1c0">
         <name>.debug_line</name>
         <load_address>0x194c</load_address>
         <run_address>0x194c</run_address>
         <size>0x2e</size>
         <input_file_ref idref="fl-c"/>
      </object_component>
      <object_component id="oc-80">
         <name>.debug_line</name>
         <load_address>0x197a</load_address>
         <run_address>0x197a</run_address>
         <size>0xe51</size>
         <input_file_ref idref="fl-c"/>
      </object_component>
      <object_component id="oc-d7">
         <name>.debug_line</name>
         <load_address>0x27cb</load_address>
         <run_address>0x27cb</run_address>
         <size>0x2d</size>
         <input_file_ref idref="fl-c"/>
      </object_component>
      <object_component id="oc-1a8">
         <name>.debug_line</name>
         <load_address>0x27f8</load_address>
         <run_address>0x27f8</run_address>
         <size>0x2e</size>
         <input_file_ref idref="fl-c"/>
      </object_component>
      <object_component id="oc-98">
         <name>.debug_line</name>
         <load_address>0x2826</load_address>
         <run_address>0x2826</run_address>
         <size>0x41</size>
         <input_file_ref idref="fl-e"/>
      </object_component>
      <object_component id="oc-36">
         <name>.debug_line</name>
         <load_address>0x2867</load_address>
         <run_address>0x2867</run_address>
         <size>0x41</size>
         <input_file_ref idref="fl-e"/>
      </object_component>
      <object_component id="oc-28">
         <name>.debug_line</name>
         <load_address>0x28a8</load_address>
         <run_address>0x28a8</run_address>
         <size>0xa1</size>
         <input_file_ref idref="fl-e"/>
      </object_component>
      <object_component id="oc-45">
         <name>.debug_line</name>
         <load_address>0x2949</load_address>
         <run_address>0x2949</run_address>
         <size>0x88</size>
         <input_file_ref idref="fl-c9"/>
      </object_component>
      <object_component id="oc-b5">
         <name>.debug_line</name>
         <load_address>0x29d1</load_address>
         <run_address>0x29d1</run_address>
         <size>0x79</size>
         <input_file_ref idref="fl-ca"/>
      </object_component>
      <object_component id="oc-12e">
         <name>.debug_line</name>
         <load_address>0x2a4a</load_address>
         <run_address>0x2a4a</run_address>
         <size>0x95</size>
         <input_file_ref idref="fl-cb"/>
      </object_component>
      <object_component id="oc-5a">
         <name>.debug_line</name>
         <load_address>0x2adf</load_address>
         <run_address>0x2adf</run_address>
         <size>0x4f</size>
         <input_file_ref idref="fl-cb"/>
      </object_component>
      <object_component id="oc-b0">
         <name>.debug_line</name>
         <load_address>0x2b2e</load_address>
         <run_address>0x2b2e</run_address>
         <size>0x34</size>
         <input_file_ref idref="fl-cb"/>
      </object_component>
      <object_component id="oc-ab">
         <name>.debug_line</name>
         <load_address>0x2b62</load_address>
         <run_address>0x2b62</run_address>
         <size>0x20</size>
         <input_file_ref idref="fl-cc"/>
      </object_component>
      <object_component id="oc-1c">
         <name>.debug_line</name>
         <load_address>0x2b82</load_address>
         <run_address>0x2b82</run_address>
         <size>0x55</size>
         <input_file_ref idref="fl-cc"/>
      </object_component>
      <object_component id="oc-4c">
         <name>.debug_line</name>
         <load_address>0x2bd7</load_address>
         <run_address>0x2bd7</run_address>
         <size>0x3a</size>
         <input_file_ref idref="fl-cc"/>
      </object_component>
      <object_component id="oc-a8">
         <name>.debug_line</name>
         <load_address>0x2c11</load_address>
         <run_address>0x2c11</run_address>
         <size>0x95</size>
         <input_file_ref idref="fl-cc"/>
      </object_component>
      <object_component id="oc-127">
         <name>.debug_line</name>
         <load_address>0x2ca6</load_address>
         <run_address>0x2ca6</run_address>
         <size>0x20</size>
         <input_file_ref idref="fl-cd"/>
      </object_component>
      <object_component id="oc-16">
         <name>.debug_line</name>
         <load_address>0x2cc6</load_address>
         <run_address>0x2cc6</run_address>
         <size>0xa9</size>
         <input_file_ref idref="fl-cd"/>
      </object_component>
      <object_component id="oc-3c">
         <name>.debug_line</name>
         <load_address>0x2d6f</load_address>
         <run_address>0x2d6f</run_address>
         <size>0x3a</size>
         <input_file_ref idref="fl-cd"/>
      </object_component>
      <object_component id="oc-124">
         <name>.debug_line</name>
         <load_address>0x2da9</load_address>
         <run_address>0x2da9</run_address>
         <size>0x9d</size>
         <input_file_ref idref="fl-cd"/>
      </object_component>
      <object_component id="oc-a1">
         <name>.debug_line</name>
         <load_address>0x2e46</load_address>
         <run_address>0x2e46</run_address>
         <size>0x99</size>
         <input_file_ref idref="fl-cd"/>
      </object_component>
      <object_component id="oc-74">
         <name>.debug_line</name>
         <load_address>0x2edf</load_address>
         <run_address>0x2edf</run_address>
         <size>0x33</size>
         <input_file_ref idref="fl-ce"/>
      </object_component>
      <object_component id="oc-64">
         <name>.debug_line</name>
         <load_address>0x2f12</load_address>
         <run_address>0x2f12</run_address>
         <size>0x45</size>
         <input_file_ref idref="fl-ce"/>
      </object_component>
      <object_component id="oc-299">
         <name>.debug_line</name>
         <load_address>0x2f57</load_address>
         <run_address>0x2f57</run_address>
         <size>0xc2</size>
         <input_file_ref idref="fl-cf"/>
      </object_component>
      <object_component id="oc-16b">
         <name>.debug_line</name>
         <load_address>0x3019</load_address>
         <run_address>0x3019</run_address>
         <size>0x6f</size>
         <input_file_ref idref="fl-cf"/>
      </object_component>
      <object_component id="oc-29d">
         <name>.debug_line</name>
         <load_address>0x3088</load_address>
         <run_address>0x3088</run_address>
         <size>0x2e</size>
         <input_file_ref idref="fl-cf"/>
      </object_component>
      <object_component id="oc-2c7">
         <name>.debug_line</name>
         <load_address>0x30b6</load_address>
         <run_address>0x30b6</run_address>
         <size>0x9d</size>
         <input_file_ref idref="fl-cf"/>
      </object_component>
      <object_component id="oc-2a2">
         <name>.debug_line</name>
         <load_address>0x3153</load_address>
         <run_address>0x3153</run_address>
         <size>0x9a</size>
         <input_file_ref idref="fl-cf"/>
      </object_component>
      <object_component id="oc-2a7">
         <name>.debug_line</name>
         <load_address>0x31ed</load_address>
         <run_address>0x31ed</run_address>
         <size>0x96</size>
         <input_file_ref idref="fl-cf"/>
      </object_component>
      <object_component id="oc-ba">
         <name>.debug_line</name>
         <load_address>0x3283</load_address>
         <run_address>0x3283</run_address>
         <size>0x40</size>
         <input_file_ref idref="fl-d0"/>
      </object_component>
      <object_component id="oc-15e">
         <name>.debug_line</name>
         <load_address>0x32c3</load_address>
         <run_address>0x32c3</run_address>
         <size>0x3c</size>
         <input_file_ref idref="fl-d2"/>
      </object_component>
      <object_component id="oc-281">
         <name>.debug_line</name>
         <load_address>0x32ff</load_address>
         <run_address>0x32ff</run_address>
         <size>0x82</size>
         <input_file_ref idref="fl-d5"/>
      </object_component>
      <object_component id="oc-2c0">
         <name>.debug_line</name>
         <load_address>0x3381</load_address>
         <run_address>0x3381</run_address>
         <size>0x7c</size>
         <input_file_ref idref="fl-d5"/>
      </object_component>
      <object_component id="oc-20b">
         <name>.debug_line</name>
         <load_address>0x33fd</load_address>
         <run_address>0x33fd</run_address>
         <size>0xa2</size>
         <input_file_ref idref="fl-d5"/>
      </object_component>
      <object_component id="oc-13e">
         <name>.debug_line</name>
         <load_address>0x349f</load_address>
         <run_address>0x349f</run_address>
         <size>0x131</size>
         <input_file_ref idref="fl-d5"/>
      </object_component>
      <object_component id="oc-21d">
         <name>.debug_line</name>
         <load_address>0x35d0</load_address>
         <run_address>0x35d0</run_address>
         <size>0xa5</size>
         <input_file_ref idref="fl-d5"/>
      </object_component>
      <object_component id="oc-144">
         <name>.debug_line</name>
         <load_address>0x3675</load_address>
         <run_address>0x3675</run_address>
         <size>0x10e</size>
         <input_file_ref idref="fl-d5"/>
      </object_component>
      <object_component id="oc-1f2">
         <name>.debug_line</name>
         <load_address>0x3783</load_address>
         <run_address>0x3783</run_address>
         <size>0xa9</size>
         <input_file_ref idref="fl-d5"/>
      </object_component>
      <object_component id="oc-204">
         <name>.debug_line</name>
         <load_address>0x382c</load_address>
         <run_address>0x382c</run_address>
         <size>0x91</size>
         <input_file_ref idref="fl-d5"/>
      </object_component>
      <object_component id="oc-202">
         <name>.debug_line</name>
         <load_address>0x38bd</load_address>
         <run_address>0x38bd</run_address>
         <size>0xd0</size>
         <input_file_ref idref="fl-d5"/>
      </object_component>
      <object_component id="oc-21a">
         <name>.debug_line</name>
         <load_address>0x398d</load_address>
         <run_address>0x398d</run_address>
         <size>0x7c</size>
         <input_file_ref idref="fl-d5"/>
      </object_component>
      <object_component id="oc-214">
         <name>.debug_line</name>
         <load_address>0x3a09</load_address>
         <run_address>0x3a09</run_address>
         <size>0x69</size>
         <input_file_ref idref="fl-d5"/>
      </object_component>
      <object_component id="oc-2bc">
         <name>.debug_line</name>
         <load_address>0x3a72</load_address>
         <run_address>0x3a72</run_address>
         <size>0x82</size>
         <input_file_ref idref="fl-d6"/>
      </object_component>
      <object_component id="oc-2ba">
         <name>.debug_line</name>
         <load_address>0x3af4</load_address>
         <run_address>0x3af4</run_address>
         <size>0x7d</size>
         <input_file_ref idref="fl-d6"/>
      </object_component>
      <object_component id="oc-267">
         <name>.debug_line</name>
         <load_address>0x3b71</load_address>
         <run_address>0x3b71</run_address>
         <size>0x95</size>
         <input_file_ref idref="fl-d6"/>
      </object_component>
      <object_component id="oc-26d">
         <name>.debug_line</name>
         <load_address>0x3c06</load_address>
         <run_address>0x3c06</run_address>
         <size>0xd1</size>
         <input_file_ref idref="fl-d6"/>
      </object_component>
      <object_component id="oc-1e9">
         <name>.debug_line</name>
         <load_address>0x3cd7</load_address>
         <run_address>0x3cd7</run_address>
         <size>0x93</size>
         <input_file_ref idref="fl-d6"/>
      </object_component>
      <object_component id="oc-1ef">
         <name>.debug_line</name>
         <load_address>0x3d6a</load_address>
         <run_address>0x3d6a</run_address>
         <size>0xa7</size>
         <input_file_ref idref="fl-d6"/>
      </object_component>
      <object_component id="oc-284">
         <name>.debug_line</name>
         <load_address>0x3e11</load_address>
         <run_address>0x3e11</run_address>
         <size>0x13d</size>
         <input_file_ref idref="fl-d8"/>
      </object_component>
      <object_component id="oc-2be">
         <name>.debug_line</name>
         <load_address>0x3f4e</load_address>
         <run_address>0x3f4e</run_address>
         <size>0x7f</size>
         <input_file_ref idref="fl-d8"/>
      </object_component>
      <object_component id="oc-1e3">
         <name>.debug_line</name>
         <load_address>0x3fcd</load_address>
         <run_address>0x3fcd</run_address>
         <size>0x94</size>
         <input_file_ref idref="fl-d8"/>
      </object_component>
      <object_component id="oc-1dd">
         <name>.debug_line</name>
         <load_address>0x4061</load_address>
         <run_address>0x4061</run_address>
         <size>0x94</size>
         <input_file_ref idref="fl-d8"/>
      </object_component>
      <object_component id="oc-14e">
         <name>.debug_line</name>
         <load_address>0x40f5</load_address>
         <run_address>0x40f5</run_address>
         <size>0xee</size>
         <input_file_ref idref="fl-d8"/>
      </object_component>
      <object_component id="oc-1fb">
         <name>.debug_line</name>
         <load_address>0x41e3</load_address>
         <run_address>0x41e3</run_address>
         <size>0x11a</size>
         <input_file_ref idref="fl-d8"/>
      </object_component>
      <object_component id="oc-288">
         <name>.debug_line</name>
         <load_address>0x42fd</load_address>
         <run_address>0x42fd</run_address>
         <size>0x7f</size>
         <input_file_ref idref="fl-d8"/>
      </object_component>
      <object_component id="oc-13c">
         <name>.debug_frame</name>
         <load_address>0x0</load_address>
         <run_address>0x0</run_address>
         <size>0x58</size>
         <input_file_ref idref="fl-2"/>
      </object_component>
      <object_component id="oc-e0">
         <name>.debug_frame</name>
         <load_address>0x58</load_address>
         <run_address>0x58</run_address>
         <size>0x9c</size>
         <input_file_ref idref="fl-5"/>
      </object_component>
      <object_component id="oc-e6">
         <name>.debug_frame</name>
         <load_address>0xf4</load_address>
         <run_address>0xf4</run_address>
         <size>0xb8</size>
         <input_file_ref idref="fl-6"/>
      </object_component>
      <object_component id="oc-c4">
         <name>.debug_frame</name>
         <load_address>0x1ac</load_address>
         <run_address>0x1ac</run_address>
         <size>0xc4</size>
         <input_file_ref idref="fl-7"/>
      </object_component>
      <object_component id="oc-34">
         <name>.debug_frame</name>
         <load_address>0x270</load_address>
         <run_address>0x270</run_address>
         <size>0x110</size>
         <input_file_ref idref="fl-8"/>
      </object_component>
      <object_component id="oc-136">
         <name>.debug_frame</name>
         <load_address>0x380</load_address>
         <run_address>0x380</run_address>
         <size>0x3f4</size>
         <input_file_ref idref="fl-a"/>
      </object_component>
      <object_component id="oc-81">
         <name>.debug_frame</name>
         <load_address>0x774</load_address>
         <run_address>0x774</run_address>
         <size>0x6ec</size>
         <input_file_ref idref="fl-c"/>
      </object_component>
      <object_component id="oc-29">
         <name>.debug_frame</name>
         <load_address>0xe60</load_address>
         <run_address>0xe60</run_address>
         <size>0x90</size>
         <input_file_ref idref="fl-e"/>
      </object_component>
      <object_component id="oc-59">
         <name>.debug_frame</name>
         <load_address>0xef0</load_address>
         <run_address>0xef0</run_address>
         <size>0x54</size>
         <input_file_ref idref="fl-cb"/>
      </object_component>
      <object_component id="oc-1d">
         <name>.debug_frame</name>
         <load_address>0xf44</load_address>
[...]
         <value>0x3521</value>
         <object_component_ref idref="oc-2a"/>
      </symbol>
      <symbol id="sm-173">
         <name>vPortEnableVFP</name>
         <value>0x35dd</value>
         <object_component_ref idref="oc-2a"/>
      </symbol>
      <symbol id="sm-174">
         <name>xPortPendSVHandler</name>
         <value>0x3539</value>
         <object_component_ref idref="oc-2a"/>
      </symbol>
      <symbol id="sm-175">
         <name>vPortSVCHandler</name>
         <value>0x3599</value>
         <object_component_ref idref="oc-2a"/>
      </symbol>
      <symbol id="sm-23e">
         <name>xQueueRegistry</name>
         <value>0x20004e84</value>
      </symbol>
      <symbol id="sm-23f">
         <name>xQueuePeekFromISR</name>
         <value>0x2673</value>
         <object_component_ref idref="oc-131"/>
      </symbol>
      <symbol id="sm-240">
         <name>xQueueIsQueueEmptyFromISR</name>
         <value>0x2947</value>
         <object_component_ref idref="oc-131"/>
      </symbol>
      <symbol id="sm-241">
         <name>xQueueGenericSendFromISR</name>
         <value>0x20eb</value>
         <object_component_ref idref="oc-131"/>
      </symbol>
      <symbol id="sm-242">
         <name>uxQueueMessagesWaiting</name>
         <value>0x26c9</value>
         <object_component_ref idref="oc-131"/>
      </symbol>
      <symbol id="sm-243">
         <name>vQueueAddToRegistry</name>
         <value>0x29b3</value>
         <object_component_ref idref="oc-131"/>
      </symbol>
      <symbol id="sm-244">
         <name>xQueueIsQueueFullFromISR</name>
         <value>0x298d</value>
         <object_component_ref idref="oc-131"/>
      </symbol>
      <symbol id="sm-245">
         <name>xQueueGenericCreate</name>
         <value>0x1e29</value>
         <object_component_ref idref="oc-131"/>
      </symbol>
      <symbol id="sm-246">
         <name>xQueueCreateMutex</name>
         <value>0x1ee7</value>
         <object_component_ref idref="oc-131"/>
      </symbol>
      <symbol id="sm-247">
         <name>vQueueSetQueueNumber</name>
         <value>0x2739</value>
         <object_component_ref idref="oc-131"/>
      </symbol>
      <symbol id="sm-248">
         <name>xQueueGenericSend</name>
         <value>0x1fb7</value>
         <object_component_ref idref="oc-131"/>
      </symbol>
      <symbol id="sm-249">
         <name>xQueueGenericReset</name>
         <value>0x1d89</value>
         <object_component_ref idref="oc-131"/>
      </symbol>
      <symbol id="sm-24a">
         <name>xQueueReceiveFromISR</name>
         <value>0x25d5</value>
         <object_component_ref idref="oc-131"/>
      </symbol>
      <symbol id="sm-24b">
         <name>uxQueueSpacesAvailable</name>
         <value>0x26df</value>
         <object_component_ref idref="oc-131"/>
      </symbol>
      <symbol id="sm-24c">
         <name>xQueueGiveMutexRecursive</name>
         <value>0x1f13</value>
         <object_component_ref idref="oc-131"/>
      </symbol>
      <symbol id="sm-24d">
         <name>xQueueSemaphoreTake</name>
         <value>0x2349</value>
         <object_component_ref idref="oc-131"/>
      </symbol>
      <symbol id="sm-24e">
         <name>vQueueUnregisterQueue</name>
         <value>0x2a35</value>
         <object_component_ref idref="oc-131"/>
      </symbol>
      <symbol id="sm-24f">
         <name>xQueueGiveFromISR</name>
         <value>0x218b</value>
         <object_component_ref idref="oc-131"/>
      </symbol>
      <symbol id="sm-250">
         <name>uxQueueMessagesWaitingFromISR</name>
         <value>0x26ff</value>
         <object_component_ref idref="oc-131"/>
      </symbol>
      <symbol id="sm-251">
         <name>uxQueueGetQueueNumber</name>
         <value>0x272b</value>
         <object_component_ref idref="oc-131"/>
      </symbol>
      <symbol id="sm-252">
         <name>xQueueTakeMutexRecursive</name>
         <value>0x1f4f</value>
         <object_component_ref idref="oc-131"/>
      </symbol>
      <symbol id="sm-253">
         <name>xQueueCreateCountingSemaphore</name>
         <value>0x1f97</value>
         <object_component_ref idref="oc-131"/>
      </symbol>
      <symbol id="sm-254">
         <name>vQueueDelete</name>
         <value>0x2715</value>
         <object_component_ref idref="oc-131"/>
      </symbol>
      <symbol id="sm-255">
         <name>xQueuePeek</name>
         <value>0x24ab</value>
         <object_component_ref idref="oc-131"/>
      </symbol>
      <symbol id="sm-256">
         <name>xQueueReceive</name>
         <value>0x2223</value>
         <object_component_ref idref="oc-131"/>
      </symbol>
      <symbol id="sm-257">
         <name>pcQueueGetName</name>
         <value>0x29f5</value>
         <object_component_ref idref="oc-131"/>
      </symbol>
      <symbol id="sm-258">
         <name>ucQueueGetQueueType</name>
         <value>0x274b</value>
         <object_component_ref idref="oc-131"/>
      </symbol>
      <symbol id="sm-478">
         <name>vTaskDelay</name>
         <value>0x5c1</value>
         <object_component_ref idref="oc-7c"/>
      </symbol>
      <symbol id="sm-479">
         <name>vTaskSuspendAll</name>
         <value>0xabb</value>
         <object_component_ref idref="oc-7c"/>
      </symbol>
      <symbol id="sm-47a">
         <name>vTaskPlaceOnEventList</name>
         <value>0x10a3</value>
         <object_component_ref idref="oc-7c"/>
      </symbol>
      <symbol id="sm-47b">
         <name>vTaskSetTaskNumber</name>
         <value>0x1307</value>
         <object_component_ref idref="oc-7c"/>
      </symbol>
      <symbol id="sm-47c">
         <name>uxTaskPriorityGetFromISR</name>
         <value>0x6e1</value>
         <object_component_ref idref="oc-7c"/>
      </symbol>
      <symbol id="sm-47d">
         <name>ulTaskNotifyTake</name>
         <value>0x1899</value>
         <object_component_ref idref="oc-7c"/>
      </symbol>
      <symbol id="sm-47e">
         <name>pcTaskGetName</name>
         <value>0xc0b</value>
         <object_component_ref idref="oc-7c"/>
      </symbol>
      <symbol id="sm-47f">
         <name>xTaskCheckForTimeOut</name>
         <value>0x1239</value>
         <object_component_ref idref="oc-7c"/>
      </symbol>
      <symbol id="sm-480">
         <name>vTaskRemoveFromUnorderedEventList</name>
         <value>0x1189</value>
         <object_component_ref idref="oc-7c"/>
      </symbol>
      <symbol id="sm-481">
         <name>vTaskPrioritySet</name>
         <value>0x731</value>
         <object_component_ref idref="oc-7c"/>
      </symbol>
      <symbol id="sm-482">
         <name>xTaskPriorityDisinherit</name>
         <value>0x170f</value>
         <object_component_ref idref="oc-7c"/>
      </symbol>
      <symbol id="sm-483">
         <name>xTaskAbortDelay</name>
         <value>0xe7d</value>
         <object_component_ref idref="oc-7c"/>
      </symbol>
      <symbol id="sm-484">
         <name>vTaskStartScheduler</name>
         <value>0xa55</value>
         <object_component_ref idref="oc-7c"/>
      </symbol>
      <symbol id="sm-485">
         <name>vTaskInternalSetTimeOutState</name>
         <value>0x1219</value>
         <object_component_ref idref="oc-7c"/>
      </symbol>
      <symbol id="sm-486">
         <name>xTaskNotifyStateClear</name>
         <value>0x1c81</value>
         <object_component_ref idref="oc-7c"/>
      </symbol>
      <symbol id="sm-487">
         <name>pvTaskIncrementMutexHeldCount</name>
         <value>0x1879</value>
         <object_component_ref idref="oc-7c"/>
      </symbol>
      <symbol id="sm-488">
         <name>uxTaskGetStackHighWaterMark</name>
         <value>0x157d</value>
         <object_component_ref idref="oc-7c"/>
      </symbol>
      <symbol id="sm-489">
         <name>xTaskGenericNotify</name>
         <value>0x19cb</value>
         <object_component_ref idref="oc-7c"/>
      </symbol>
      <symbol id="sm-48a">
         <name>vTaskPriorityDisinheritAfterTimeout</name>
         <value>0x1795</value>
         <object_component_ref idref="oc-7c"/>
      </symbol>
      <symbol id="sm-48b">
         <name>xTaskCreate</name>
         <value>0x26d</value>
         <object_component_ref idref="oc-7c"/>
      </symbol>
      <symbol id="sm-48c">
         <name>vTaskDelayUntil</name>
         <value>0x513</value>
         <object_component_ref idref="oc-7c"/>
      </symbol>
      <symbol id="sm-48d">
         <name>uxTaskGetTaskNumber</name>
         <value>0x12e7</value>
         <object_component_ref idref="oc-7c"/>
      </symbol>
      <symbol id="sm-48e">
         <name>vTaskEndScheduler</name>
         <value>0xa9f</value>
         <object_component_ref idref="oc-7c"/>
      </symbol>
      <symbol id="sm-48f">
         <name>xTaskNotifyWait</name>
         <value>0x1921</value>
         <object_component_ref idref="oc-7c"/>
      </symbol>
      <symbol id="sm-490">
         <name>vTaskMissedYield</name>
         <value>0x12df</value>
         <object_component_ref idref="oc-7c"/>
      </symbol>
      <symbol id="sm-491">
         <name>uxTaskGetNumberOfTasks</name>
         <value>0xc05</value>
         <object_component_ref idref="oc-7c"/>
      </symbol>
      <symbol id="sm-492">
         <name>xTaskGenericNotifyFromISR</name>
         <value>0x1abd</value>
         <object_component_ref idref="oc-7c"/>
      </symbol>
      <symbol id="sm-493">
         <name>vTaskGetInfo</name>
         <value>0x13e9</value>
         <object_component_ref idref="oc-7c"/>
      </symbol>
      <symbol id="sm-494">
         <name>uxTaskPriorityGet</name>
         <value>0x6b1</value>
         <object_component_ref idref="oc-7c"/>
      </symbol>
      <symbol id="sm-495">
         <name>xTaskResumeAll</name>
         <value>0xad1</value>
         <object_component_ref idref="oc-7c"/>
      </symbol>
      <symbol id="sm-496">
         <name>xTaskGetHandle</name>
         <value>0xd11</value>
         <object_component_ref idref="oc-7c"/>
      </symbol>
      <symbol id="sm-497">
         <name>xTaskGetTickCount</name>
         <value>0xbb9</value>
         <object_component_ref idref="oc-7c"/>
      </symbol>
      <symbol id="sm-498">
         <name>uxTaskGetSystemState</name>
         <value>0xd9d</value>
         <object_component_ref idref="oc-7c"/>
      </symbol>
      <symbol id="sm-499">
         <name>vTaskDelete</name>
         <value>0x483</value>
         <object_component_ref idref="oc-7c"/>
      </symbol>
      <symbol id="sm-49a">
         <name>pxCurrentTCB</name>
         <value>0x20005150</value>
         <object_component_ref idref="oc-76"/>
      </symbol>
      <symbol id="sm-49b">
         <name>vTaskNotifyGiveFromISR</name>
         <value>0x1bcd</value>
         <object_component_ref idref="oc-7c"/>
      </symbol>
      <symbol id="sm-49c">
         <name>eTaskGetState</name>
         <value>0x605</value>
         <object_component_ref idref="oc-7c"/>
      </symbol>
      <symbol id="sm-49d">
         <name>vTaskSuspend</name>
         <value>0x845</value>
         <object_component_ref idref="oc-7c"/>
      </symbol>
      <symbol id="sm-49e">
         <name>xTaskGetIdleTaskHandle</name>
         <value>0xe6f</value>
         <object_component_ref idref="oc-7c"/>
      </symbol>
      <symbol id="sm-49f">
         <name>xTaskGetTickCountFromISR</name>
         <value>0xbd1</value>
         <object_component_ref idref="oc-7c"/>
      </symbol>
      <symbol id="sm-4a0">
         <name>vTaskResume</name>
         <value>0x939</value>
         <object_component_ref idref="oc-7c"/>
      </symbol>
      <symbol id="sm-4a1">
         <name>vTaskSetTimeOutState</name>
         <value>0x11f1</value>
         <object_component_ref idref="oc-7c"/>
      </symbol>
      <symbol id="sm-4a2">
         <name>xTaskIncrementTick</name>
         <value>0xf09</value>
         <object_component_ref idref="oc-7c"/>
      </symbol>
      <symbol id="sm-4a3">
         <name>vTaskSwitchContext</name>
         <value>0x101d</value>
         <object_component_ref idref="oc-7c"/>
      </symbol>
      <symbol id="sm-4a4">
         <name>uxTaskResetEventItemValue</name>
         <value>0x184d</value>
         <object_component_ref idref="oc-7c"/>
      </symbol>
      <symbol id="sm-4a5">
         <name>xTaskGetSchedulerState</name>
         <value>0x1621</value>
         <object_component_ref idref="oc-7c"/>
      </symbol>
      <symbol id="sm-4a6">
         <name>xTaskResumeFromISR</name>
         <value>0x9b7</value>
         <object_component_ref idref="oc-7c"/>
      </symbol>
      <symbol id="sm-4a7">
         <name>xTaskGetCurrentTaskHandle</name>
         <value>0x15f5</value>
         <object_component_ref idref="oc-7c"/>
      </symbol>
      <symbol id="sm-4a8">
         <name>vTaskPlaceOnUnorderedEventList</name>
         <value>0x10c3</value>
         <object_component_ref idref="oc-7c"/>
      </symbol>
      <symbol id="sm-4a9">
         <name>xTaskRemoveFromEventList</name>
         <value>0x10f9</value>
         <object_component_ref idref="oc-7c"/>
      </symbol>
      <symbol id="sm-4aa">
         <name>xTaskPriorityInherit</name>
         <value>0x1651</value>
         <object_component_ref idref="oc-7c"/>
      </symbol>
      <symbol id="sm-4c7">
         <name>ResetISR</name>
         <value>0x3af1</value>
         <object_component_ref idref="oc-24"/>
      </symbol>
      <symbol id="sm-4c8">
         <name>g_pfnVectors</name>
         <value>0x0</value>
         <object_component_ref idref="oc-f"/>
      </symbol>
      <symbol id="sm-4e3">
         <name>memcpy</name>
         <value>0x3689</value>
         <object_component_ref idref="oc-43"/>
      </symbol>
      <symbol id="sm-4e4">
         <name>__aeabi_memcpy</name>
         <value>0x3689</value>
         <object_component_ref idref="oc-43"/>
      </symbol>
      <symbol id="sm-4e5">
         <name>__aeabi_memcpy8</name>
         <value>0x3689</value>
         <object_component_ref idref="oc-43"/>
      </symbol>
      <symbol id="sm-4e6">
         <name>__aeabi_memcpy4</name>
         <value>0x3689</value>
         <object_component_ref idref="oc-43"/>
      </symbol>
      <symbol id="sm-4f5">
         <name>__aeabi_memset</name>
         <value>0x3727</value>
         <object_component_ref idref="oc-b3"/>
      </symbol>
      <symbol id="sm-4f6">
         <name>memset</name>
         <value>0x372d</value>
         <object_component_ref idref="oc-b3"/>
      </symbol>
      <symbol id="sm-4f7">
         <name>__aeabi_memset8</name>
         <value>0x3727</value>
         <object_component_ref idref="oc-b3"/>
      </symbol>
      <symbol id="sm-4f8">
         <name>__aeabi_memset4</name>
         <value>0x3727</value>
         <object_component_ref idref="oc-b3"/>
      </symbol>
      <symbol id="sm-4f9">
         <name>__aeabi_memclr8</name>
         <value>0x3725</value>
         <object_component_ref idref="oc-b3"/>
      </symbol>
      <symbol id="sm-4fa">
         <name>__aeabi_memclr4</name>
         <value>0x3725</value>
         <object_component_ref idref="oc-b3"/>
      </symbol>
      <symbol id="sm-4fb">
         <name>__aeabi_memclr</name>
         <value>0x3725</value>
         <object_component_ref idref="oc-b3"/>
      </symbol>
      <symbol id="sm-50d">
         <name>__TI_zero_init</name>
         <value>0x3ae5</value>
         <object_component_ref idref="oc-55"/>
      </symbol>
      <symbol id="sm-524">
         <name>__TI_decompress_none</name>
         <value>0x3ad7</value>
         <object_component_ref idref="oc-18"/>
      </symbol>
      <symbol id="sm-547">
         <name>__TI_decompress_lzss</name>
         <value>0x387d</value>
         <object_component_ref idref="oc-12"/>
      </symbol>
      <symbol id="sm-55a">
         <name>__stack</name>
         <value>0x20004f50</value>
         <object_component_ref idref="oc-21"/>
      </symbol>
      <symbol id="sm-55b">
         <name>_c_int00_noargs</name>
         <value>0x3a19</value>
         <object_component_ref idref="oc-61"/>
      </symbol>
      <symbol id="sm-583">
         <name>__TI_auto_init_nobinit_nopinit</name>
         <value>0x392d</value>
         <object_component_ref idref="oc-167"/>
      </symbol>
      <symbol id="sm-58d">
         <name>_system_pre_init</name>
         <value>0x3b0d</value>
         <object_component_ref idref="oc-b9"/>
      </symbol>
      <symbol id="sm-599">
         <name>C$$EXIT</name>
         <value>0x3b11</value>
         <object_component_ref idref="oc-15b"/>
      </symbol>
      <symbol id="sm-59a">
         <name>abort</name>
         <value>0x3b11</value>
         <object_component_ref idref="oc-15b"/>
      </symbol>
      <symbol id="sm-619">
         <name>CANMessageGet</name>
         <value>0x330d</value>
         <object_component_ref idref="oc-143"/>
      </symbol>
      <symbol id="sm-61a">
         <name>CANBitRateSet</name>
         <value>0x3811</value>
         <object_component_ref idref="oc-1fd"/>
      </symbol>
      <symbol id="sm-61b">
         <name>CANEnable</name>
         <value>0x3afd</value>
         <object_component_ref idref="oc-203"/>
      </symbol>
      <symbol id="sm-61c">
         <name>CANMessageSet</name>
         <value>0x2e61</value>
         <object_component_ref idref="oc-13d"/>
      </symbol>
      <symbol id="sm-61d">
         <name>CANInit</name>
         <value>0x3971</value>
         <object_component_ref idref="oc-1f1"/>
      </symbol>
      <symbol id="sm-64f">
         <name>GPIOPinConfigure</name>
         <value>0x38e5</value>
         <object_component_ref idref="oc-1eb"/>
      </symbol>
      <symbol id="sm-650">
         <name>GPIODirModeSet</name>
         <value>0x3a4d</value>
         <object_component_ref idref="oc-263"/>
      </symbol>
      <symbol id="sm-651">
         <name>GPIOPadConfigSet</name>
         <value>0x2f97</value>
         <object_component_ref idref="oc-269"/>
      </symbol>
      <symbol id="sm-652">
         <name>GPIOPinTypeCAN</name>
         <value>0x3ac5</value>
         <object_component_ref idref="oc-1e5"/>
      </symbol>
      <symbol id="sm-6b0">
         <name>SysCtlClockSet</name>
         <value>0x341d</value>
         <object_component_ref idref="oc-14a"/>
      </symbol>
      <symbol id="sm-6b1">
         <name>SysCtlDelay</name>
         <value>0x3b07</value>
         <object_component_ref idref="oc-149"/>
      </symbol>
      <symbol id="sm-6b2">
         <name>SysCtlPeripheralEnable</name>
         <value>0x39e5</value>
         <object_component_ref idref="oc-1d9"/>
      </symbol>
      <symbol id="sm-6b3">
         <name>SysCtlClockGet</name>
         <value>0x31fd</value>
         <object_component_ref idref="oc-1f7"/>
      </symbol>
      <symbol id="sm-6b4">
         <name>SysCtlPeripheralReady</name>
         <value>0x39ad</value>
         <object_component_ref idref="oc-1df"/>
      </symbol>
      <symbol id="sm-6b6">
         <name>__TI_static_base__</name>
         <value>0x0</value>
      </symbol>
      <symbol id="sm-6b9">
         <name>__mpu_init</name>
         <value>0x0</value>
      </symbol>
      <symbol id="sm-6ba">
         <name>_system_post_cinit</name>
         <value>0x0</value>
      </symbol>
   </symbol_table>
   <title>Link successful</title>
</link_info>
